<html>
<body>
<pre>
<h1>礦ision Build Log</h1>
<h2>Tool Versions:</h2>
IDE-Version: μVision V5.18.0.0
Copyright (C) 2016 ARM Ltd and ARM Germany GmbH. All rights reserved.
License Information: ssss Microsoft, Microsoft, LIC=0VR30-BGUQD-JL3CC-7RXEB-2HWEU-4C84L
 
Tool Versions:
Toolchain:       MDK-ARM Professional  Version: 5.18
Toolchain Path:  D:\Program Files\keil5\ARM\ARMCC\Bin
C Compiler:      Armcc.exe V5.05 update 2 (build 169)
Assembler:       Armasm.exe V5.05 update 2 (build 169)
Linker/Locator:  ArmLink.exe V5.05 update 2 (build 169)
Library Manager: ArmAr.exe V5.05 update 2 (build 169)
Hex Converter:   FromElf.exe V5.05 update 2 (build 169)
CPU DLL:         SARMCM3.DLL V5.18
Dialog DLL:      DCM.DLL V1.13.6.0
Target DLL:      Segger\JL2CM3.dll V2.99.18.0
Dialog DLL:      TCM.DLL V1.14.8.0
 
<h2>Project:</h2>
F:\quqian\KeyBoard_X10\X10_KeyBoard\APP\Projiect\X10_KeyBoardApp.uvprojx
Project File Date:  01/04/2019

<h2>Output:</h2>
*** Using Compiler 'V5.05 update 2 (build 169)', folder: 'D:\Program Files\keil5\ARM\ARMCC\Bin'
Rebuild target 'X10_KeyBoardApp'
compiling ComProto.c...
compiling NFCard.c...
compiling main.c...
compiling FIFO.c...
compiling flash.c...
compiling ProtoWithMainBoard.c...
compiling usart.c...
compiling system.c...
compiling systick.c...
compiling sc8042b.c...
compiling flash_usr.c...
compiling fm175xx.c...
compiling aes.c...
compiling spi.c...
compiling m1_card.c...
compiling led.c...
compiling sim_uart.c...
compiling rtc.c...
assembling startup_gd32f3x0.s...
compiling system_gd32f3x0.c...
compiling tsiKey.c...
compiling gd32f3x0_adc.c...
compiling gd32f3x0_cec.c...
compiling gd32f3x0_cmp.c...
compiling gd32f3x0_crc.c...
compiling gd32f3x0_dac.c...
compiling gd32f3x0_dbg.c...
compiling gd32f3x0_ctc.c...
compiling gd32f3x0_fmc.c...
compiling gd32f3x0_dma.c...
compiling gd32f3x0_exti.c...
compiling gd32f3x0_fwdgt.c...
compiling gd32f3x0_gpio.c...
compiling gd32f3x0_i2c.c...
compiling gd32f3x0_misc.c...
compiling gd32f3x0_pmu.c...
compiling gd32f3x0_rcu.c...
compiling gd32f3x0_rtc.c...
compiling gd32f3x0_timer.c...
compiling gd32f3x0_spi.c...
compiling gd32f3x0_syscfg.c...
compiling gd32f3x0_wwdgt.c...
compiling gd32f3x0_tsi.c...
compiling gd32f3x0_usart.c...
linking...
Program Size: Code=19614 RO-data=774 RW-data=224 ZI-data=4088  
FromELF: creating hex file...
After Build - User command #1: fromelf --bin --output deal_with_file\App_Bin\X10_KeyBoard_app.bin .\Objects\X10_KeyBoard_app.axf
After Build - User command #2: ..\Projiect\deal_with_file\aaa.bat
F:\quqian\KeyBoard_X10\X10_KeyBoard\APP\Projiect>echo off 
已创建文件 F:\quqian\KeyBoard_X10\X10_KeyBoard\APP\Projiect\deal_with_file\X10_KeyB_App_With_Bin.bin
已复制         1 个文件。
".\Objects\X10_KeyBoard_app.axf" - 0 Error(s), 0 Warning(s).

<h2>Collection of Component include folders:</h2>
  F:\quqian\KeyBoard_X10\X10_KeyBoard\APP\Projiect\RTE
  D:\Program Files\keil5\ARM\PACK\GigaDevice\GD32F3x0_DFP\1.0.0\Device\Include

<h2>Collection of Component Files used:</h2>
Build Time Elapsed:  00:00:31
</pre>
</body>
</html>
