Component: ARM Compiler 5.05 update 2 (build 169) Tool: armlink [4d35a8]

==============================================================================

Section Cross References

    main.o(i.BspInit) refers to led.o(i.LedInit) for LedInit
    main.o(i.BspInit) refers to system.o(i.WatchDogInit) for WatchDogInit
    main.o(i.BspInit) refers to system.o(i.FeedWatchDog) for FeedWatchDog
    main.o(i.BspInit) refers to system.o(i.TimerConfig) for TimerConfig
    main.o(i.BspInit) refers to systick.o(i.SystickInit) for SystickInit
    main.o(i.BspInit) refers to sim_uart.o(i.SimUartInit) for SimUartInit
    main.o(i.BspInit) refers to systick.o(i.DelayMsWithNoneOs) for DelayMsWithNoneOs
    main.o(i.BspInit) refers to usart.o(i.UsartInit) for UsartInit
    main.o(i.BspInit) refers to rtc.o(i.RtcInit) for RtcInit
    main.o(i.BspInit) refers to system.o(i.LoadSystemInfo) for LoadSystemInfo
    main.o(i.BspInit) refers to system.o(i.SystemResetRecord) for SystemResetRecord
    main.o(i.BspInit) refers to printf8.o(i.__0printf$8) for __2printf
    main.o(i.BspInit) refers to tsikey.o(i.TsiKeyInit) for TsiKeyInit
    main.o(i.BspInit) refers to fm175xx.o(i.FM175XX_Config) for FM175XX_Config
    main.o(i.main) refers to system.o(i.GetTimeTicks) for GetTimeTicks
    main.o(i.main) refers to gd32f3x0_misc.o(i.nvic_vector_table_set) for nvic_vector_table_set
    main.o(i.main) refers to gd32f3x0_misc.o(i.nvic_priority_group_set) for nvic_priority_group_set
    main.o(i.main) refers to main.o(i.BspInit) for BspInit
    main.o(i.main) refers to system.o(i.FeedWatchDog) for FeedWatchDog
    main.o(i.main) refers to led.o(i.GreenLed) for GreenLed
    main.o(i.main) refers to tsikey.o(i.GetKey) for GetKey
    main.o(i.main) refers to protowithmainboard.o(i.ComRecvMainBoardData) for ComRecvMainBoardData
    main.o(i.main) refers to nfcard.o(i.NFCardTask) for NFCardTask
    main.o(i.main) refers to comproto.o(i.DebugRecvProc) for DebugRecvProc
    main.o(i.main) refers to protowithmainboard.o(i.SyncSystemInfo) for SyncSystemInfo
    main.o(i.main) refers to protowithmainboard.o(i.SyncSystemState) for SyncSystemState
    main.o(i.main) refers to main.o(.data) for .data
    main.o(i.main) refers to system.o(.data) for SystemStatus
    main.o(i.main) refers to system.o(.bss) for GlobalInfo
    nfcard.o(i.BswDrv_FM175XX_SetPowerDown) refers to fm175xx.o(i.Read_Reg) for Read_Reg
    nfcard.o(i.BswDrv_FM175XX_SetPowerDown) refers to fm175xx.o(i.Clear_BitMask) for Clear_BitMask
    nfcard.o(i.BswDrv_FM175XX_SetPowerDown) refers to systick.o(i.DelayMsWithNoneOs) for DelayMsWithNoneOs
    nfcard.o(i.BswDrv_FM175XX_SetPowerDown) refers to rtc.o(i.GetCurrentTime) for GetCurrentTime
    nfcard.o(i.BswDrv_FM175XX_SetPowerDown) refers to printf8.o(i.__0printf$8) for __2printf
    nfcard.o(i.BswDrv_FM175XX_SetPowerDown) refers to fm175xx.o(i.Set_BitMask) for Set_BitMask
    nfcard.o(i.BswDrv_FM175XX_SetPowerDown) refers to nfcard.o(.constdata) for .constdata
    nfcard.o(i.Check_M1_Card) refers to m1_card.o(i.TypeA_CardActivate) for TypeA_CardActivate
    nfcard.o(i.Check_M1_Card) refers to system.o(i.GetTimeTicks) for GetTimeTicks
    nfcard.o(i.Check_M1_Card) refers to m1_card.o(i.Mifare_Auth) for Mifare_Auth
    nfcard.o(i.Check_M1_Card) refers to protowithmainboard.o(i.CardTypeUpLoad) for CardTypeUpLoad
    nfcard.o(i.Check_M1_Card) refers to m1_card.o(i.TypeA_Halt) for TypeA_Halt
    nfcard.o(i.Check_M1_Card) refers to printf8.o(i.__0printf$8) for __2printf
    nfcard.o(i.Check_M1_Card) refers to system.o(.bss) for GlobalInfo
    nfcard.o(i.Check_M1_Card) refers to main.o(.data) for ReadCardTicks
    nfcard.o(i.Check_M1_Card) refers to nfcard.o(.data) for .data
    nfcard.o(i.NFCardTask) refers to system.o(i.FeedWatchDog) for FeedWatchDog
    nfcard.o(i.NFCardTask) refers to nfcard.o(i.Check_M1_Card) for Check_M1_Card
    comproto.o(i.DebugPktProc) refers to rtc.o(i.GetCurrentTime) for GetCurrentTime
    comproto.o(i.DebugPktProc) refers to printf8.o(i.__0printf$8) for __2printf
    comproto.o(i.DebugPktProc) refers to usart.o(i.PrintfData) for PrintfData
    comproto.o(i.DebugPktProc) refers to system.o(i.GetTimeTicks) for GetTimeTicks
    comproto.o(i.DebugPktProc) refers to sc8042b.o(i.PlayVoice) for PlayVoice
    comproto.o(i.DebugPktProc) refers to rtc.o(i.SetRtcCount) for SetRtcCount
    comproto.o(i.DebugPktProc) refers to rtc.o(i.GetRtcTimeStamp) for GetRtcTimeStamp
    comproto.o(i.DebugPktProc) refers to gd32f3x0_rtc.o(i.rtc_current_time_get) for rtc_current_time_get
    comproto.o(i.DebugPktProc) refers to rtc.o(i.BCD2HEX) for BCD2HEX
    comproto.o(i.DebugPktProc) refers to comproto.o(i.SendDebugPkt) for SendDebugPkt
    comproto.o(i.DebugPktProc) refers to systick.o(i.DelayMsWithNoneOs) for DelayMsWithNoneOs
    comproto.o(i.DebugPktProc) refers to flash_usr.o(i.FlashTest) for FlashTest
    comproto.o(i.DebugPktProc) refers to comproto.o(.constdata) for .constdata
[...]
    i.FIFO_S_Put                             0x08003030   Section        0  fifo.o(i.FIFO_S_Put)
    i.FM175XX_Config                         0x08003074   Section        0  fm175xx.o(i.FM175XX_Config)
    i.FM175XX_HardReset                      0x08003128   Section        0  fm175xx.o(i.FM175XX_HardReset)
    i.FM175XX_Init                           0x08003168   Section        0  fm175xx.o(i.FM175XX_Init)
    i.FeedWatchDog                           0x08003192   Section        0  system.o(i.FeedWatchDog)
    i.FlashReadByte                          0x08003196   Section        0  flash.o(i.FlashReadByte)
    i.FlashReadSysInfo                       0x080031ac   Section        0  flash_usr.o(i.FlashReadSysInfo)
    i.FlashTest                              0x080031bc   Section        0  flash_usr.o(i.FlashTest)
    i.FlashWrite                             0x08003278   Section        0  flash.o(i.FlashWrite)
    i.FlashWriteSysInfo                      0x0800339c   Section        0  flash_usr.o(i.FlashWriteSysInfo)
    i.FlashWriteWord                         0x08003400   Section        0  flash.o(i.FlashWriteWord)
    i.G0GetKey                               0x08003498   Section        0  tsikey.o(i.G0GetKey)
    i.G1GetKey                               0x080034e8   Section        0  tsikey.o(i.G1GetKey)
    i.G2GetKey                               0x080035a8   Section        0  tsikey.o(i.G2GetKey)
    i.G3GetKey                               0x08003634   Section        0  tsikey.o(i.G3GetKey)
    i.G5GetKey                               0x080036f4   Section        0  tsikey.o(i.G5GetKey)
    i.GetCurrentTime                         0x080037b4   Section        0  rtc.o(i.GetCurrentTime)
    i.GetKey                                 0x08003810   Section        0  tsikey.o(i.GetKey)
    i.GetPktSum                              0x08003840   Section        0  system.o(i.GetPktSum)
    i.GetRtcTimeStamp                        0x08003858   Section        0  rtc.o(i.GetRtcTimeStamp)
    i.GetTimeTicks                           0x08003900   Section        0  system.o(i.GetTimeTicks)
    i.GreenLed                               0x0800390c   Section        0  led.o(i.GreenLed)
    i.HEX2BCD                                0x08003930   Section        0  rtc.o(i.HEX2BCD)
    i.IO_USART_TX_PutVal                     0x08003948   Section        0  sim_uart.o(i.IO_USART_TX_PutVal)
    i.InitTsiG0                              0x08003968   Section        0  tsikey.o(i.InitTsiG0)
    i.InitTsiG1                              0x080039c8   Section        0  tsikey.o(i.InitTsiG1)
    i.InitTsiG2                              0x08003a90   Section        0  tsikey.o(i.InitTsiG2)
    i.InitTsiG3                              0x08003b30   Section        0  tsikey.o(i.InitTsiG3)
    i.InitTsiG5                              0x08003c08   Section        0  tsikey.o(i.InitTsiG5)
    i.KeyCallBack                            0x08003ce0   Section        0  tsikey.o(i.KeyCallBack)
    i.KeyValuesUpLoad                        0x08003d28   Section        0  tsikey.o(i.KeyValuesUpLoad)
    i.LedInit                                0x08003d4c   Section        0  led.o(i.LedInit)
    i.LinuxTickToDay                         0x08003d7c   Section        0  rtc.o(i.LinuxTickToDay)
    i.LoadSystemInfo                         0x08003de4   Section        0  system.o(i.LoadSystemInfo)
    i.MainBoardBasicInfo                     0x08003fd4   Section        0  protowithmainboard.o(i.MainBoardBasicInfo)
    i.MainBoardCardInfo                      0x08004144   Section        0  protowithmainboard.o(i.MainBoardCardInfo)
    i.MainBoardPktProc                       0x08004330   Section        0  protowithmainboard.o(i.MainBoardPktProc)
    i.Mifare_Auth                            0x08004360   Section        0  m1_card.o(i.Mifare_Auth)
    i.Mifare_Blockread                       0x080043e8   Section        0  m1_card.o(i.Mifare_Blockread)
    i.Mifare_Blockwrite                      0x08004424   Section        0  m1_card.o(i.Mifare_Blockwrite)
    i.NFCardTask                             0x08004530   Section        0  nfcard.o(i.NFCardTask)
    i.PCBBumUpLoad                           0x0800453e   Section        0  protowithmainboard.o(i.PCBBumUpLoad)
    i.Pcd_Comm                               0x0800456c   Section        0  fm175xx.o(i.Pcd_Comm)
    i.Pcd_ConfigISOType                      0x080046e8   Section        0  fm175xx.o(i.Pcd_ConfigISOType)
    i.Pcd_SetTimer                           0x080047f4   Section        0  fm175xx.o(i.Pcd_SetTimer)
    i.PlayVoice                              0x08004848   Section        0  sc8042b.o(i.PlayVoice)
    i.PrintfData                             0x080048bc   Section        0  usart.o(i.PrintfData)
    i.Read_FIFO                              0x08004930   Section        0  fm175xx.o(i.Read_FIFO)
    i.Read_Reg                               0x0800494c   Section        0  fm175xx.o(i.Read_Reg)
    i.RtcInit                                0x08004950   Section        0  rtc.o(i.RtcInit)
    i.SPIRead                                0x08004990   Section        0  fm175xx.o(i.SPIRead)
    i.SPIWrite                               0x080049c2   Section        0  fm175xx.o(i.SPIWrite)
    i.SendDebugPkt                           0x080049f8   Section        0  comproto.o(i.SendDebugPkt)
    i.SendMsg_ACK                            0x08004aac   Section        0  protowithmainboard.o(i.SendMsg_ACK)
    i.SetRtcCount                            0x08004aec   Section        0  rtc.o(i.SetRtcCount)
    i.Set_BitMask                            0x08004b60   Section        0  fm175xx.o(i.Set_BitMask)
    i.Set_Rf                                 0x08004b78   Section        0  fm175xx.o(i.Set_Rf)
    i.SimUartGPIOInit                        0x08004bc8   Section        0  sim_uart.o(i.SimUartGPIOInit)
    i.SimUartInit                            0x08004bf8   Section        0  sim_uart.o(i.SimUartInit)
    i.SimUartSendByte                        0x08004c34   Section        0  sim_uart.o(i.SimUartSendByte)
    i.SpiInit                                0x08004c5c   Section        0  spi.o(i.SpiInit)
    i.SpiReadByte                            0x08004d28   Section        0  spi.o(i.SpiReadByte)
    i.SpiReadWriteByte                       0x08004d30   Section        0  spi.o(i.SpiReadWriteByte)
    i.SyncSystemInfo                         0x08004d8c   Section        0  protowithmainboard.o(i.SyncSystemInfo)
    i.SyncSystemState                        0x08004dc0   Section        0  protowithmainboard.o(i.SyncSystemState)
    i.SysTick_Handler                        0x08004de8   Section        0  systick.o(i.SysTick_Handler)
    i.SystemInit                             0x08004dec   Section        0  system_gd32f3x0.o(i.SystemInit)
    i.SystemResetRecord                      0x08004e80   Section        0  system.o(i.SystemResetRecord)
    i.SystickInit                            0x08005018   Section        0  systick.o(i.SystickInit)
    i.TIMER0_BRK_UP_TRG_COM_IRQHandler       0x0800505c   Section        0  sim_uart.o(i.TIMER0_BRK_UP_TRG_COM_IRQHandler)
    i.TIMER1_IRQHandler                      0x080050c0   Section        0  system.o(i.TIMER1_IRQHandler)
    i.TimerConfig                            0x080050e8   Section        0  system.o(i.TimerConfig)
    i.TsiKeyInit                             0x08005174   Section        0  tsikey.o(i.TsiKeyInit)
    i.TypeA_Anticollision                    0x080051e8   Section        0  m1_card.o(i.TypeA_Anticollision)
    i.TypeA_CardActivate                     0x08005358   Section        0  m1_card.o(i.TypeA_CardActivate)
    i.TypeA_Halt                             0x0800538c   Section        0  m1_card.o(i.TypeA_Halt)
    i.TypeA_Request                          0x080053d4   Section        0  m1_card.o(i.TypeA_Request)
    i.TypeA_Select                           0x08005436   Section        0  m1_card.o(i.TypeA_Select)
    i.TypeA_Set_Bit_Framing                  0x08005498   Section        0  m1_card.o(i.TypeA_Set_Bit_Framing)
    i.TypeA_Set_NVB                          0x080054da   Section        0  m1_card.o(i.TypeA_Set_NVB)
    i.UARTx_Init                             0x0800555c   Section        0  usart.o(i.UARTx_Init)
    i.USART0_IRQHandler                      0x0800566c   Section        0  usart.o(i.USART0_IRQHandler)
    i.USART1_IRQHandler                      0x080056a8   Section        0  usart.o(i.USART1_IRQHandler)
    i.UsartInit                              0x080056e4   Section        0  usart.o(i.UsartInit)
    i.UsartSend                              0x08005704   Section        0  usart.o(i.UsartSend)
    i.VirtualUartByteSend                    0x08005750   Section        0  sim_uart.o(i.VirtualUartByteSend)
    i.WatchDogInit                           0x080057a4   Section        0  system.o(i.WatchDogInit)
    i.WriteCardBlockSuccessUpLoad            0x080057d0   Section        0  protowithmainboard.o(i.WriteCardBlockSuccessUpLoad)
    i.Write_FIFO                             0x080057f4   Section        0  fm175xx.o(i.Write_FIFO)
    i.Write_Reg                              0x0800580e   Section        0  fm175xx.o(i.Write_Reg)
    i.__0printf$8                            0x08005818   Section        0  printf8.o(i.__0printf$8)
    i.__0sprintf$8                           0x08005838   Section        0  printf8.o(i.__0sprintf$8)
    i.__scatterload_copy                     0x08005860   Section       14  handlers.o(i.__scatterload_copy)
    i.__scatterload_null                     0x0800586e   Section        2  handlers.o(i.__scatterload_null)
    i.__scatterload_zeroinit                 0x08005870   Section       14  handlers.o(i.__scatterload_zeroinit)
    i._printf_core                           0x08005880   Section        0  printf8.o(i._printf_core)
    _printf_core                             0x08005881   Thumb Code   996  printf8.o(i._printf_core)
    i._printf_post_padding                   0x08005c90   Section        0  printf8.o(i._printf_post_padding)
    _printf_post_padding                     0x08005c91   Thumb Code    36  printf8.o(i._printf_post_padding)
    i._printf_pre_padding                    0x08005cb4   Section        0  printf8.o(i._printf_pre_padding)
    _printf_pre_padding                      0x08005cb5   Thumb Code    46  printf8.o(i._printf_pre_padding)
    i._sputc                                 0x08005ce2   Section        0  printf8.o(i._sputc)
    _sputc                                   0x08005ce3   Thumb Code    10  printf8.o(i._sputc)
    i.fmc_flag_clear                         0x08005cec   Section        0  gd32f3x0_fmc.o(i.fmc_flag_clear)
    i.fmc_lock                               0x08005cf8   Section        0  gd32f3x0_fmc.o(i.fmc_lock)
    i.fmc_page_erase                         0x08005d08   Section        0  gd32f3x0_fmc.o(i.fmc_page_erase)
    i.fmc_ready_wait                         0x08005d44   Section        0  gd32f3x0_fmc.o(i.fmc_ready_wait)
    i.fmc_state_get                          0x08005d5c   Section        0  gd32f3x0_fmc.o(i.fmc_state_get)
    i.fmc_unlock                             0x08005d84   Section        0  gd32f3x0_fmc.o(i.fmc_unlock)
    i.fmc_word_program                       0x08005da4   Section        0  gd32f3x0_fmc.o(i.fmc_word_program)
    i.fputc                                  0x08005dd8   Section        0  usart.o(i.fputc)
    i.fwdgt_config                           0x08005df8   Section        0  gd32f3x0_fwdgt.o(i.fwdgt_config)
    i.fwdgt_counter_reload                   0x08005e48   Section        0  gd32f3x0_fwdgt.o(i.fwdgt_counter_reload)
    i.fwdgt_enable                           0x08005e58   Section        0  gd32f3x0_fwdgt.o(i.fwdgt_enable)
    i.gpio_af_set                            0x08005e68   Section        0  gd32f3x0_gpio.o(i.gpio_af_set)
    i.gpio_bit_reset                         0x08005ebe   Section        0  gd32f3x0_gpio.o(i.gpio_bit_reset)
    i.gpio_bit_set                           0x08005ec2   Section        0  gd32f3x0_gpio.o(i.gpio_bit_set)
    i.gpio_config                            0x08005ec8   Section        0  tsikey.o(i.gpio_config)
    i.gpio_input_bit_get                     0x0800612c   Section        0  gd32f3x0_gpio.o(i.gpio_input_bit_get)
    i.gpio_mode_set                          0x08006136   Section        0  gd32f3x0_gpio.o(i.gpio_mode_set)
    i.gpio_output_options_set                0x0800617e   Section        0  gd32f3x0_gpio.o(i.gpio_output_options_set)
    i.main                                   0x080061ec   Section        0  main.o(i.main)
    i.nvic_irq_enable                        0x080062fc   Section        0  gd32f3x0_misc.o(i.nvic_irq_enable)
    i.nvic_priority_group_set                0x0800637c   Section        0  gd32f3x0_misc.o(i.nvic_priority_group_set)
    i.nvic_vector_table_set                  0x08006390   Section        0  gd32f3x0_misc.o(i.nvic_vector_table_set)
    i.pmu_backup_write_enable                0x080063a4   Section        0  gd32f3x0_pmu.o(i.pmu_backup_write_enable)
    i.rcu_all_reset_flag_clear               0x080063b4   Section        0  gd32f3x0_rcu.o(i.rcu_all_reset_flag_clear)
    i.rcu_clock_freq_get                     0x080063c4   Section        0  gd32f3x0_rcu.o(i.rcu_clock_freq_get)
    i.rcu_flag_get                           0x08006574   Section        0  gd32f3x0_rcu.o(i.rcu_flag_get)
    i.rcu_osci_on                            0x08006594   Section        0  gd32f3x0_rcu.o(i.rcu_osci_on)
    i.rcu_osci_stab_wait                     0x080065b0   Section        0  gd32f3x0_rcu.o(i.rcu_osci_stab_wait)
    i.rcu_periph_clock_enable                0x0800668c   Section        0  gd32f3x0_rcu.o(i.rcu_periph_clock_enable)
    i.rcu_periph_reset_disable               0x080066a8   Section        0  gd32f3x0_rcu.o(i.rcu_periph_reset_disable)
    i.rcu_periph_reset_enable                0x080066c4   Section        0  gd32f3x0_rcu.o(i.rcu_periph_reset_enable)
    i.rcu_rtc_clock_config                   0x080066e0   Section        0  gd32f3x0_rcu.o(i.rcu_rtc_clock_config)
    i.rtc_current_time_get                   0x080066f8   Section        0  gd32f3x0_rtc.o(i.rtc_current_time_get)
    i.rtc_init                               0x08006754   Section        0  gd32f3x0_rtc.o(i.rtc_init)
    i.rtc_init_mode_enter                    0x080067f0   Section        0  gd32f3x0_rtc.o(i.rtc_init_mode_enter)
    i.rtc_init_mode_exit                     0x08006824   Section        0  gd32f3x0_rtc.o(i.rtc_init_mode_exit)
    i.rtc_pre_config                         0x08006834   Section        0  rtc.o(i.rtc_pre_config)
    i.rtc_register_sync_wait                 0x0800687c   Section        0  gd32f3x0_rtc.o(i.rtc_register_sync_wait)
    i.system_clock_108m_hxtal                0x080068cc   Section        0  system_gd32f3x0.o(i.system_clock_108m_hxtal)
    system_clock_108m_hxtal                  0x080068cd   Thumb Code   124  system_gd32f3x0.o(i.system_clock_108m_hxtal)
    i.systick_clksource_set                  0x08006954   Section        0  gd32f3x0_misc.o(i.systick_clksource_set)
    i.timer_auto_reload_shadow_enable        0x0800696c   Section        0  gd32f3x0_timer.o(i.timer_auto_reload_shadow_enable)
    i.timer_deinit                           0x08006978   Section        0  gd32f3x0_timer.o(i.timer_deinit)
    i.timer_disable                          0x080069f8   Section        0  gd32f3x0_timer.o(i.timer_disable)
    i.timer_enable                           0x08006a02   Section        0  gd32f3x0_timer.o(i.timer_enable)
    i.timer_flag_clear                       0x08006a0c   Section        0  gd32f3x0_timer.o(i.timer_flag_clear)
    i.timer_init                             0x08006a14   Section        0  gd32f3x0_timer.o(i.timer_init)
    i.timer_interrupt_enable                 0x08006ab4   Section        0  gd32f3x0_timer.o(i.timer_interrupt_enable)
    i.timer_interrupt_flag_clear             0x08006abc   Section        0  gd32f3x0_timer.o(i.timer_interrupt_flag_clear)
    i.timer_interrupt_flag_get               0x08006ac4   Section        0  gd32f3x0_timer.o(i.timer_interrupt_flag_get)
    i.tsi_channel_pin_disable                0x08006ad8   Section        0  gd32f3x0_tsi.o(i.tsi_channel_pin_disable)
    i.tsi_channel_pin_enable                 0x08006ae8   Section        0  gd32f3x0_tsi.o(i.tsi_channel_pin_enable)
    i.tsi_config                             0x08006af8   Section        0  tsikey.o(i.tsi_config)
    i.tsi_enable                             0x08006b7c   Section        0  gd32f3x0_tsi.o(i.tsi_enable)
    i.tsi_flag_clear                         0x08006b8c   Section        0  gd32f3x0_tsi.o(i.tsi_flag_clear)
    i.tsi_flag_get                           0x08006b9c   Section        0  gd32f3x0_tsi.o(i.tsi_flag_get)
    i.tsi_group0_cycle_get                   0x08006bb0   Section        0  gd32f3x0_tsi.o(i.tsi_group0_cycle_get)
    i.tsi_group1_cycle_get                   0x08006bbc   Section        0  gd32f3x0_tsi.o(i.tsi_group1_cycle_get)
    i.tsi_group2_cycle_get                   0x08006bc8   Section        0  gd32f3x0_tsi.o(i.tsi_group2_cycle_get)
    i.tsi_group3_cycle_get                   0x08006bd4   Section        0  gd32f3x0_tsi.o(i.tsi_group3_cycle_get)
    i.tsi_group5_cycle_get                   0x08006be0   Section        0  gd32f3x0_tsi.o(i.tsi_group5_cycle_get)
    i.tsi_group_enable                       0x08006bec   Section        0  gd32f3x0_tsi.o(i.tsi_group_enable)
    i.tsi_hysteresis_off                     0x08006bfc   Section        0  gd32f3x0_tsi.o(i.tsi_hysteresis_off)
    i.tsi_init                               0x08006c0c   Section        0  gd32f3x0_tsi.o(i.tsi_init)
    i.tsi_sample_pin_enable                  0x08006c60   Section        0  gd32f3x0_tsi.o(i.tsi_sample_pin_enable)
    i.tsi_sofeware_mode_config               0x08006c74   Section        0  gd32f3x0_tsi.o(i.tsi_sofeware_mode_config)
    i.tsi_software_start                     0x08006c8c   Section        0  gd32f3x0_tsi.o(i.tsi_software_start)
    i.tsi_transfer_pin                       0x08006c9c   Section        0  tsikey.o(i.tsi_transfer_pin)
    i.usart_baudrate_set                     0x08006cc0   Section        0  gd32f3x0_usart.o(i.usart_baudrate_set)
    i.usart_data_receive                     0x08006d18   Section        0  gd32f3x0_usart.o(i.usart_data_receive)
    i.usart_data_transmit                    0x08006d20   Section        0  gd32f3x0_usart.o(i.usart_data_transmit)
    i.usart_deinit                           0x08006d28   Section        0  gd32f3x0_usart.o(i.usart_deinit)
    i.usart_enable                           0x08006d58   Section        0  gd32f3x0_usart.o(i.usart_enable)
    i.usart_flag_get                         0x08006d62   Section        0  gd32f3x0_usart.o(i.usart_flag_get)
    i.usart_interrupt_enable                 0x08006d78   Section        0  gd32f3x0_usart.o(i.usart_interrupt_enable)
    i.usart_interrupt_flag_clear             0x08006d8e   Section        0  gd32f3x0_usart.o(i.usart_interrupt_flag_clear)
    i.usart_interrupt_flag_get               0x08006d9e   Section        0  gd32f3x0_usart.o(i.usart_interrupt_flag_get)
    i.usart_receive_config                   0x08006dce   Section        0  gd32f3x0_usart.o(i.usart_receive_config)
    i.usart_transmit_config                  0x08006dde   Section        0  gd32f3x0_usart.o(i.usart_transmit_config)
    .constdata                               0x08006dee   Section       40  comproto.o(.constdata)
    __func__                                 0x08006dee   Data          13  comproto.o(.constdata)
    __func__                                 0x08006dfb   Data          13  comproto.o(.constdata)
    __func__                                 0x08006e08   Data          14  comproto.o(.constdata)
    .constdata                               0x08006e16   Section      112  protowithmainboard.o(.constdata)
    __func__                                 0x08006e16   Data          14  protowithmainboard.o(.constdata)
    __func__                                 0x08006e24   Data          18  protowithmainboard.o(.constdata)
    __func__                                 0x08006e36   Data          19  protowithmainboard.o(.constdata)
    __func__                                 0x08006e49   Data          18  protowithmainboard.o(.constdata)
    __func__                                 0x08006e5b   Data          22  protowithmainboard.o(.constdata)
    __func__                                 0x08006e71   Data          21  protowithmainboard.o(.constdata)
    .constdata                               0x08006e86   Section       26  flash.o(.constdata)
    __func__                                 0x08006e86   Data          15  flash.o(.constdata)
    __func__                                 0x08006e95   Data          11  flash.o(.constdata)
    .constdata                               0x08006ea0   Section       33  system.o(.constdata)
    __func__                                 0x08006ea0   Data          15  system.o(.constdata)
    __func__                                 0x08006eaf   Data          18  system.o(.constdata)
    .constdata                               0x08006ec1   Section       11  usart.o(.constdata)
    __func__                                 0x08006ec1   Data          11  usart.o(.constdata)
    .constdata                               0x08006ecc   Section       24  flash_usr.o(.constdata)
    __func__                                 0x08006ecc   Data          14  flash_usr.o(.constdata)
    __func__                                 0x08006eda   Data          10  flash_usr.o(.constdata)
    .constdata                               0x08006ee4   Section       15  fm175xx.o(.constdata)
    __func__                                 0x08006ee4   Data          15  fm175xx.o(.constdata)
    .constdata                               0x08006ef3   Section       18  m1_card.o(.constdata)
    __func__                                 0x08006ef3   Data          18  m1_card.o(.constdata)
    .constdata                               0x08006f05   Section        8  rtc.o(.constdata)
    __func__                                 0x08006f05   Data           8  rtc.o(.constdata)
    .constdata                               0x08006f0d   Section       23  tsikey.o(.constdata)
    __func__                                 0x08006f0d   Data          12  tsikey.o(.constdata)
    __func__                                 0x08006f19   Data          11  tsikey.o(.constdata)
    .constdata                               0x08006f24   Section       12  mktime.o(.constdata)
    monlen                                   0x08006f24   Data          12  mktime.o(.constdata)
    .constdata                               0x08006f30   Section       12  localtime_i.o(.constdata)
    monlen                                   0x08006f30   Data          12  localtime_i.o(.constdata)
    .conststring                             0x08006f3c   Section       70  system.o(.conststring)
    .data                                    0x20000000   Section        8  main.o(.data)
    .data                                    0x20000008   Section        6  nfcard.o(.data)
    SecretCardKEY_A                          0x20000008   Data           6  nfcard.o(.data)
    .data                                    0x2000000e   Section        6  comproto.o(.data)
    step                                     0x2000000e   Data           1  comproto.o(.data)
    sum                                      0x2000000f   Data           1  comproto.o(.data)
    pktLen                                   0x20000010   Data           2  comproto.o(.data)
    len                                      0x20000012   Data           2  comproto.o(.data)
    .data                                    0x20000014   Section        6  protowithmainboard.o(.data)
    step                                     0x20000014   Data           1  protowithmainboard.o(.data)
    sum                                      0x20000015   Data           1  protowithmainboard.o(.data)
    pktLen                                   0x20000016   Data           2  protowithmainboard.o(.data)
    length                                   0x20000018   Data           2  protowithmainboard.o(.data)
    .data                                    0x2000001c   Section       32  system.o(.data)
    .data                                    0x2000003c   Section       52  usart.o(.data)
    .data                                    0x20000070   Section        8  systick.o(.data)
    fac_us                                   0x20000070   Data           1  systick.o(.data)
    DelayCount                               0x20000074   Data           4  systick.o(.data)
    .data                                    0x20000078   Section        1  led.o(.data)
    GreenledFlag                             0x20000078   Data           1  led.o(.data)
    .data                                    0x2000007c   Section        8  rtc.o(.data)
    .data                                    0x20000084   Section       82  tsikey.o(.data)
    .data                                    0x200000d8   Section        4  system_gd32f3x0.o(.data)
    .data                                    0x200000dc   Section        4  stdout.o(.data)
    .bss                                     0x200000e0   Section      256  comproto.o(.bss)
    buff                                     0x200000e0   Data         256  comproto.o(.bss)
    .bss                                     0x200001e0   Section      267  protowithmainboard.o(.bss)
    gCBRecvBuffer                            0x200001eb   Data         256  protowithmainboard.o(.bss)
    .bss                                     0x200002eb   Section     1024  flash.o(.bss)
    .bss                                     0x200006ec   Section      140  system.o(.bss)
    .bss                                     0x20000778   Section      792  usart.o(.bss)
    .bss                                     0x20000a90   Section       24  sim_uart.o(.bss)
    .bss                                     0x20000aa8   Section       32  rtc.o(.bss)
    gTimeStr                                 0x20000aa8   Data          32  rtc.o(.bss)
    .bss                                     0x20000ac8   Section      480  tsikey.o(.bss)
    .bss                                     0x20000ca8   Section       44  localtime_w.o(.bss)
    _tms                                     0x20000ca8   Data          44  localtime_w.o(.bss)
    STACK                                    0x20000cd8   Section     1024  startup_gd32f3x0.o(STACK)

    Global Symbols

    Symbol Name                              Value     Ov Type        Size  Object(Section)

    BuildAttributes$$THM_ISAv4$E$P$D$K$B$S$7EM$PE$A:L22UL41UL21$X:L11$S22US41US21$IEEE1$IW$USESV6$~STKCKD$USESV7$~SHL$OSPACE$ROPI$EBA8$MICROLIB$REQ8$PRES8$EABIv2 0x00000000   Number         0  anon$$obj.o ABSOLUTE
    __ARM_use_no_argv                        0x00000000   Number         0  main.o ABSOLUTE
    _printf_a                                0x00000000   Number         0  stubs.o ABSOLUTE
    _printf_c                                0x00000000   Number         0  stubs.o ABSOLUTE
    _printf_charcount                        0x00000000   Number         0  stubs.o ABSOLUTE
    _printf_d                                0x00000000   Number         0  stubs.o ABSOLUTE
    _printf_e                                0x00000000   Number         0  stubs.o ABSOLUTE
    _printf_f                                0x00000000   Number         0  stubs.o ABSOLUTE
    _printf_flags                            0x00000000   Number         0  stubs.o ABSOLUTE
    _printf_fp_dec                           0x00000000   Number         0  stubs.o ABSOLUTE
    _printf_fp_hex                           0x00000000   Number         0  stubs.o ABSOLUTE
    _printf_g                                0x00000000   Number         0  stubs.o ABSOLUTE
    _printf_i                                0x00000000   Number         0  stubs.o ABSOLUTE
    _printf_int_dec                          0x00000000   Number         0  stubs.o ABSOLUTE
    _printf_l                                0x00000000   Number         0  stubs.o ABSOLUTE
    _printf_lc                               0x00000000   Number         0  stubs.o ABSOLUTE
    _printf_ll                               0x00000000   Number         0  stubs.o ABSOLUTE
    _printf_lld                              0x00000000   Number         0  stubs.o ABSOLUTE
    _printf_lli                              0x00000000   Number         0  stubs.o ABSOLUTE
    _printf_llo                              0x00000000   Number         0  stubs.o ABSOLUTE
    _printf_llu                              0x00000000   Number         0  stubs.o ABSOLUTE
    _printf_llx                              0x00000000   Number         0  stubs.o ABSOLUTE
    _printf_longlong_dec                     0x00000000   Number         0  stubs.o ABSOLUTE
    _printf_longlong_hex                     0x00000000   Number         0  stubs.o ABSOLUTE
    _printf_longlong_oct                     0x00000000   Number         0  stubs.o ABSOLUTE
    _printf_ls                               0x00000000   Number         0  stubs.o ABSOLUTE
    _printf_mbtowc                           0x00000000   Number         0  stubs.o ABSOLUTE
    _printf_n                                0x00000000   Number         0  stubs.o ABSOLUTE
    _printf_o                                0x00000000   Number         0  stubs.o ABSOLUTE
    _printf_p                                0x00000000   Number         0  stubs.o ABSOLUTE
    _printf_percent                          0x00000000   Number         0  stubs.o ABSOLUTE
    _printf_pre_padding                      0x00000000   Number         0  stubs.o ABSOLUTE
    _printf_return_value                     0x00000000   Number         0  stubs.o ABSOLUTE
    _printf_s                                0x00000000   Number         0  stubs.o ABSOLUTE
    _printf_sizespec                         0x00000000   Number         0  stubs.o ABSOLUTE
    _printf_str                              0x00000000   Number         0  stubs.o ABSOLUTE
    _printf_truncate_signed                  0x00000000   Number         0  stubs.o ABSOLUTE
    _printf_truncate_unsigned                0x00000000   Number         0  stubs.o ABSOLUTE
    _printf_u                                0x00000000   Number         0  stubs.o ABSOLUTE
    _printf_wc                               0x00000000   Number         0  stubs.o ABSOLUTE
    _printf_wctomb                           0x00000000   Number         0  stubs.o ABSOLUTE
    _printf_widthprec                        0x00000000   Number         0  stubs.o ABSOLUTE
    _printf_x                                0x00000000   Number         0  stubs.o ABSOLUTE
    __cpp_initialize__aeabi_                  - Undefined Weak Reference
    __cxa_finalize                            - Undefined Weak Reference
    __decompress                              - Undefined Weak Reference
    _clock_init                               - Undefined Weak Reference
    _microlib_exit                            - Undefined Weak Reference
    __Vectors_Size                           0x00000150   Number         0  startup_gd32f3x0.o ABSOLUTE
    __Vectors                                0x08002000   Data           4  startup_gd32f3x0.o(RESET)
    __Vectors_End                            0x08002150   Data           0  startup_gd32f3x0.o(RESET)
    __main                                   0x08002151   Thumb Code     0  entry.o(.ARM.Collect$$$$00000000)
    _main_stk                                0x08002151   Thumb Code     0  entry2.o(.ARM.Collect$$$$00000001)
    _main_scatterload                        0x08002155   Thumb Code     0  entry5.o(.ARM.Collect$$$$00000004)
    __main_after_scatterload                 0x08002159   Thumb Code     0  entry5.o(.ARM.Collect$$$$00000004)
    _main_clock                              0x08002159   Thumb Code     0  entry7b.o(.ARM.Collect$$$$00000008)
    _main_cpp_init                           0x08002159   Thumb Code     0  entry8b.o(.ARM.Collect$$$$0000000A)
    _main_init                               0x08002159   Thumb Code     0  entry9a.o(.ARM.Collect$$$$0000000B)
    __rt_final_cpp                           0x08002161   Thumb Code     0  entry10a.o(.ARM.Collect$$$$0000000D)
    __rt_final_exit                          0x08002161   Thumb Code     0  entry11a.o(.ARM.Collect$$$$0000000F)
    Reset_Handler                            0x08002165   Thumb Code     8  startup_gd32f3x0.o(.text)
    NMI_Handler                              0x0800216d   Thumb Code     2  startup_gd32f3x0.o(.text)
    HardFault_Handler                        0x0800216f   Thumb Code     2  startup_gd32f3x0.o(.text)
    MemManage_Handler                        0x08002171   Thumb Code     2  startup_gd32f3x0.o(.text)
    BusFault_Handler                         0x08002173   Thumb Code     2  startup_gd32f3x0.o(.text)
    UsageFault_Handler                       0x08002175   Thumb Code     2  startup_gd32f3x0.o(.text)
    SVC_Handler                              0x08002177   Thumb Code     2  startup_gd32f3x0.o(.text)
    DebugMon_Handler                         0x08002179   Thumb Code     2  startup_gd32f3x0.o(.text)
    PendSV_Handler                           0x0800217b   Thumb Code     2  startup_gd32f3x0.o(.text)
    ADC_CMP_IRQHandler                       0x0800217f   Thumb Code     0  startup_gd32f3x0.o(.text)
    CEC_IRQHandler                           0x0800217f   Thumb Code     0  startup_gd32f3x0.o(.text)
    DMA_Channel0_IRQHandler                  0x0800217f   Thumb Code     0  startup_gd32f3x0.o(.text)
    DMA_Channel1_2_IRQHandler                0x0800217f   Thumb Code     0  startup_gd32f3x0.o(.text)
    DMA_Channel3_4_IRQHandler                0x0800217f   Thumb Code     0  startup_gd32f3x0.o(.text)
    DMA_Channel5_6_IRQHandler                0x0800217f   Thumb Code     0  startup_gd32f3x0.o(.text)
    EXTI0_1_IRQHandler                       0x0800217f   Thumb Code     0  startup_gd32f3x0.o(.text)
    EXTI2_3_IRQHandler                       0x0800217f   Thumb Code     0  startup_gd32f3x0.o(.text)
    EXTI4_15_IRQHandler                      0x0800217f   Thumb Code     0  startup_gd32f3x0.o(.text)
    FMC_IRQHandler                           0x0800217f   Thumb Code     0  startup_gd32f3x0.o(.text)
    I2C0_ER_IRQHandler                       0x0800217f   Thumb Code     0  startup_gd32f3x0.o(.text)
    I2C0_EV_IRQHandler                       0x0800217f   Thumb Code     0  startup_gd32f3x0.o(.text)
    I2C1_ER_IRQHandler                       0x0800217f   Thumb Code     0  startup_gd32f3x0.o(.text)
    I2C1_EV_IRQHandler                       0x0800217f   Thumb Code     0  startup_gd32f3x0.o(.text)
    I2C2_ER_IRQHandler                       0x0800217f   Thumb Code     0  startup_gd32f3x0.o(.text)
    I2C2_EV_IRQHandler                       0x0800217f   Thumb Code     0  startup_gd32f3x0.o(.text)
    LVD_IRQHandler                           0x0800217f   Thumb Code     0  startup_gd32f3x0.o(.text)
    RCU_IRQHandler                           0x0800217f   Thumb Code     0  startup_gd32f3x0.o(.text)
    RTC_IRQHandler                           0x0800217f   Thumb Code     0  startup_gd32f3x0.o(.text)
    SPI0_IRQHandler                          0x0800217f   Thumb Code     0  startup_gd32f3x0.o(.text)
    SPI1_IRQHandler                          0x0800217f   Thumb Code     0  startup_gd32f3x0.o(.text)
    SPI2_IRQHandler                          0x0800217f   Thumb Code     0  startup_gd32f3x0.o(.text)
    TIMER0_CC_IRQHandler                     0x0800217f   Thumb Code     0  startup_gd32f3x0.o(.text)
    TIMER13_IRQHandler                       0x0800217f   Thumb Code     0  startup_gd32f3x0.o(.text)
    TIMER14_IRQHandler                       0x0800217f   Thumb Code     0  startup_gd32f3x0.o(.text)
    TIMER15_IRQHandler                       0x0800217f   Thumb Code     0  startup_gd32f3x0.o(.text)
    TIMER16_IRQHandler                       0x0800217f   Thumb Code     0  startup_gd32f3x0.o(.text)
    TIMER2_IRQHandler                        0x0800217f   Thumb Code     0  startup_gd32f3x0.o(.text)
    TIMER5_DAC_IRQHandler                    0x0800217f   Thumb Code     0  startup_gd32f3x0.o(.text)
    TSI_IRQHandler                           0x0800217f   Thumb Code     0  startup_gd32f3x0.o(.text)
    USBFS_IRQHandler                         0x0800217f   Thumb Code     0  startup_gd32f3x0.o(.text)
    USBFS_WKUP_IRQHandler                    0x0800217f   Thumb Code     0  startup_gd32f3x0.o(.text)
    WWDGT_IRQHandler                         0x0800217f   Thumb Code     0  startup_gd32f3x0.o(.text)
    mktime                                   0x08002189   Thumb Code   150  mktime.o(.text)
    __aeabi_memcpy                           0x08002231   Thumb Code    36  memcpya.o(.text)
    __aeabi_memcpy4                          0x08002231   Thumb Code     0  memcpya.o(.text)
    __aeabi_memcpy8                          0x08002231   Thumb Code     0  memcpya.o(.text)
    __aeabi_memset                           0x08002255   Thumb Code    14  memseta.o(.text)
    __aeabi_memset4                          0x08002255   Thumb Code     0  memseta.o(.text)
    __aeabi_memset8                          0x08002255   Thumb Code     0  memseta.o(.text)
    __aeabi_memclr                           0x08002263   Thumb Code     4  memseta.o(.text)
    __aeabi_memclr4                          0x08002263   Thumb Code     0  memseta.o(.text)
    __aeabi_memclr8                          0x08002263   Thumb Code     0  memseta.o(.text)
    _memset$wrapper                          0x08002267   Thumb Code    18  memseta.o(.text)
    memcmp                                   0x08002279   Thumb Code    26  memcmp.o(.text)
    __aeabi_uldivmod                         0x08002293   Thumb Code    98  uldiv.o(.text)
    localtime                                0x080022f5   Thumb Code     6  localtime_w.o(.text)
    _localtime                               0x08002301   Thumb Code   134  localtime_i.o(.text)
    __scatterload                            0x0800238d   Thumb Code    28  init.o(.text)
    __scatterload_rt2                        0x0800238d   Thumb Code     0  init.o(.text)
    __aeabi_llsl                             0x080023b1   Thumb Code    30  llshl.o(.text)
    _ll_shift_l                              0x080023b1   Thumb Code     0  llshl.o(.text)
    __aeabi_llsr                             0x080023cf   Thumb Code    32  llushr.o(.text)
    _ll_ushift_r                             0x080023cf   Thumb Code     0  llushr.o(.text)
    App_CB_SendData                          0x080023f1   Thumb Code    80  protowithmainboard.o(i.App_CB_SendData)
    BCD2HEX                                  0x08002445   Thumb Code    18  rtc.o(i.BCD2HEX)
    BSPFlashWrite                            0x08002459   Thumb Code   120  flash_usr.o(i.BSPFlashWrite)
    BspInit                                  0x08002501   Thumb Code    94  main.o(i.BspInit)
    CardNumUpLoad                            0x080025c1   Thumb Code    52  protowithmainboard.o(i.CardNumUpLoad)
    CardTypeUpLoad                           0x080025f5   Thumb Code    44  protowithmainboard.o(i.CardTypeUpLoad)
    Check_M1_Card                            0x08002621   Thumb Code   138  nfcard.o(i.Check_M1_Card)
    Clear_BitMask                            0x080026c5   Thumb Code    24  fm175xx.o(i.Clear_BitMask)
    Clear_FIFO                               0x080026dd   Thumb Code    24  fm175xx.o(i.Clear_FIFO)
    ComRecvMainBoardData                     0x080026f5   Thumb Code   434  protowithmainboard.o(i.ComRecvMainBoardData)
    DebugPktProc                             0x08002909   Thumb Code   568  comproto.o(i.DebugPktProc)
    DebugRecvProc                            0x08002d39   Thumb Code   460  comproto.o(i.DebugRecvProc)
    Delay100Us                               0x08002f89   Thumb Code     6  systick.o(i.Delay100Us)
    DelayMsWithNoneOs                        0x08002f8f   Thumb Code    26  systick.o(i.DelayMsWithNoneOs)
    DelayUs                                  0x08002fa9   Thumb Code    48  systick.o(i.DelayUs)
    FIFO_S_Flush                             0x08002fdd   Thumb Code    16  fifo.o(i.FIFO_S_Flush)
    FIFO_S_Get                               0x08002fed   Thumb Code    54  fifo.o(i.FIFO_S_Get)
    FIFO_S_Init                              0x08003023   Thumb Code    14  fifo.o(i.FIFO_S_Init)
    FIFO_S_Put                               0x08003031   Thumb Code    66  fifo.o(i.FIFO_S_Put)
    FM175XX_Config                           0x08003075   Thumb Code    88  fm175xx.o(i.FM175XX_Config)
    FM175XX_HardReset                        0x08003129   Thumb Code    58  fm175xx.o(i.FM175XX_HardReset)
    FM175XX_Init                             0x08003169   Thumb Code    42  fm175xx.o(i.FM175XX_Init)
    FeedWatchDog                             0x08003193   Thumb Code     4  system.o(i.FeedWatchDog)
    FlashReadByte                            0x08003197   Thumb Code    22  flash.o(i.FlashReadByte)
    FlashReadSysInfo                         0x080031ad   Thumb Code    10  flash_usr.o(i.FlashReadSysInfo)
    FlashTest                                0x080031bd   Thumb Code    92  flash_usr.o(i.FlashTest)
    FlashWrite                               0x08003279   Thumb Code   220  flash.o(i.FlashWrite)
    FlashWriteSysInfo                        0x0800339d   Thumb Code    78  flash_usr.o(i.FlashWriteSysInfo)
    FlashWriteWord                           0x08003401   Thumb Code    94  flash.o(i.FlashWriteWord)
    G0GetKey                                 0x08003499   Thumb Code    64  tsikey.o(i.G0GetKey)
    G1GetKey                                 0x080034e9   Thumb Code   160  tsikey.o(i.G1GetKey)
    G2GetKey                                 0x080035a9   Thumb Code   122  tsikey.o(i.G2GetKey)
    G3GetKey                                 0x08003635   Thumb Code   174  tsikey.o(i.G3GetKey)
    G5GetKey                                 0x080036f5   Thumb Code   174  tsikey.o(i.G5GetKey)
    GetCurrentTime                           0x080037b5   Thumb Code    54  rtc.o(i.GetCurrentTime)
    GetKey                                   0x08003811   Thumb Code    42  tsikey.o(i.GetKey)
    GetPktSum                                0x08003841   Thumb Code    24  system.o(i.GetPktSum)
    GetRtcTimeStamp                          0x08003859   Thumb Code   166  rtc.o(i.GetRtcTimeStamp)
    GetTimeTicks                             0x08003901   Thumb Code     6  system.o(i.GetTimeTicks)
    GreenLed                                 0x0800390d   Thumb Code    28  led.o(i.GreenLed)
    HEX2BCD                                  0x08003931   Thumb Code    22  rtc.o(i.HEX2BCD)
    IO_USART_TX_PutVal                       0x08003949   Thumb Code    26  sim_uart.o(i.IO_USART_TX_PutVal)
    InitTsiG0                                0x08003969   Thumb Code    88  tsikey.o(i.InitTsiG0)
    InitTsiG1                                0x080039c9   Thumb Code   192  tsikey.o(i.InitTsiG1)
    InitTsiG2                                0x08003a91   Thumb Code   152  tsikey.o(i.InitTsiG2)
    InitTsiG3                                0x08003b31   Thumb Code   206  tsikey.o(i.InitTsiG3)
    InitTsiG5                                0x08003c09   Thumb Code   208  tsikey.o(i.InitTsiG5)
    KeyCallBack                              0x08003ce1   Thumb Code    36  tsikey.o(i.KeyCallBack)
    KeyValuesUpLoad                          0x08003d29   Thumb Code    36  tsikey.o(i.KeyValuesUpLoad)
    LedInit                                  0x08003d4d   Thumb Code    44  led.o(i.LedInit)
    LinuxTickToDay                           0x08003d7d   Thumb Code   102  rtc.o(i.LinuxTickToDay)
    LoadSystemInfo                           0x08003de5   Thumb Code   188  system.o(i.LoadSystemInfo)
    MainBoardBasicInfo                       0x08003fd5   Thumb Code   184  protowithmainboard.o(i.MainBoardBasicInfo)
    MainBoardCardInfo                        0x08004145   Thumb Code   322  protowithmainboard.o(i.MainBoardCardInfo)
    MainBoardPktProc                         0x08004331   Thumb Code    48  protowithmainboard.o(i.MainBoardPktProc)
    Mifare_Auth                              0x08004361   Thumb Code   136  m1_card.o(i.Mifare_Auth)
    Mifare_Blockread                         0x080043e9   Thumb Code    58  m1_card.o(i.Mifare_Blockread)
    Mifare_Blockwrite                        0x08004425   Thumb Code   168  m1_card.o(i.Mifare_Blockwrite)
    NFCardTask                               0x08004531   Thumb Code    14  nfcard.o(i.NFCardTask)
    PCBBumUpLoad                             0x0800453f   Thumb Code    46  protowithmainboard.o(i.PCBBumUpLoad)
    Pcd_Comm                                 0x0800456d   Thumb Code   380  fm175xx.o(i.Pcd_Comm)
    Pcd_ConfigISOType                        0x080046e9   Thumb Code   268  fm175xx.o(i.Pcd_ConfigISOType)
    Pcd_SetTimer                             0x080047f5   Thumb Code    82  fm175xx.o(i.Pcd_SetTimer)
    PlayVoice                                0x08004849   Thumb Code   110  sc8042b.o(i.PlayVoice)
    PrintfData                               0x080048bd   Thumb Code    56  usart.o(i.PrintfData)
    Read_FIFO                                0x08004931   Thumb Code    28  fm175xx.o(i.Read_FIFO)
    Read_Reg                                 0x0800494d   Thumb Code     4  fm175xx.o(i.Read_Reg)
    RtcInit                                  0x08004951   Thumb Code    26  rtc.o(i.RtcInit)
    SPIRead                                  0x08004991   Thumb Code    50  fm175xx.o(i.SPIRead)
    SPIWrite                                 0x080049c3   Thumb Code    52  fm175xx.o(i.SPIWrite)
    SendDebugPkt                             0x080049f9   Thumb Code    96  comproto.o(i.SendDebugPkt)
    SendMsg_ACK                              0x08004aad   Thumb Code    52  protowithmainboard.o(i.SendMsg_ACK)
    SetRtcCount                              0x08004aed   Thumb Code   108  rtc.o(i.SetRtcCount)
    Set_BitMask                              0x08004b61   Thumb Code    24  fm175xx.o(i.Set_BitMask)
    Set_Rf                                   0x08004b79   Thumb Code    80  fm175xx.o(i.Set_Rf)
    SimUartGPIOInit                          0x08004bc9   Thumb Code    44  sim_uart.o(i.SimUartGPIOInit)
    SimUartInit                              0x08004bf9   Thumb Code    56  sim_uart.o(i.SimUartInit)
    SimUartSendByte                          0x08004c35   Thumb Code    40  sim_uart.o(i.SimUartSendByte)
    SpiInit                                  0x08004c5d   Thumb Code   196  spi.o(i.SpiInit)
    SpiReadByte                              0x08004d29   Thumb Code     6  spi.o(i.SpiReadByte)
    SpiReadWriteByte                         0x08004d31   Thumb Code    88  spi.o(i.SpiReadWriteByte)
    SyncSystemInfo                           0x08004d8d   Thumb Code    48  protowithmainboard.o(i.SyncSystemInfo)
    SyncSystemState                          0x08004dc1   Thumb Code    36  protowithmainboard.o(i.SyncSystemState)
    SysTick_Handler                          0x08004de9   Thumb Code     2  systick.o(i.SysTick_Handler)
    SystemInit                               0x08004ded   Thumb Code   122  system_gd32f3x0.o(i.SystemInit)
    SystemResetRecord                        0x08004e81   Thumb Code   170  system.o(i.SystemResetRecord)
    SystickInit                              0x08005019   Thumb Code    56  systick.o(i.SystickInit)
    TIMER0_BRK_UP_TRG_COM_IRQHandler         0x0800505d   Thumb Code    90  sim_uart.o(i.TIMER0_BRK_UP_TRG_COM_IRQHandler)
    TIMER1_IRQHandler                        0x080050c1   Thumb Code    34  system.o(i.TIMER1_IRQHandler)
    TimerConfig                              0x080050e9   Thumb Code   136  system.o(i.TimerConfig)
    TsiKeyInit                               0x08005175   Thumb Code    76  tsikey.o(i.TsiKeyInit)
    TypeA_Anticollision                      0x080051e9   Thumb Code   368  m1_card.o(i.TypeA_Anticollision)
    TypeA_CardActivate                       0x08005359   Thumb Code    52  m1_card.o(i.TypeA_CardActivate)
    TypeA_Halt                               0x0800538d   Thumb Code    72  m1_card.o(i.TypeA_Halt)
    TypeA_Request                            0x080053d5   Thumb Code    98  m1_card.o(i.TypeA_Request)
    TypeA_Select                             0x08005437   Thumb Code    98  m1_card.o(i.TypeA_Select)
    TypeA_Set_Bit_Framing                    0x08005499   Thumb Code    66  m1_card.o(i.TypeA_Set_Bit_Framing)
    TypeA_Set_NVB                            0x080054db   Thumb Code   130  m1_card.o(i.TypeA_Set_NVB)
    UARTx_Init                               0x0800555d   Thumb Code   258  usart.o(i.UARTx_Init)
    USART0_IRQHandler                        0x0800566d   Thumb Code    48  usart.o(i.USART0_IRQHandler)
    USART1_IRQHandler                        0x080056a9   Thumb Code    48  usart.o(i.USART1_IRQHandler)
    UsartInit                                0x080056e5   Thumb Code    30  usart.o(i.UsartInit)
    UsartSend                                0x08005705   Thumb Code    70  usart.o(i.UsartSend)
    VirtualUartByteSend                      0x08005751   Thumb Code    80  sim_uart.o(i.VirtualUartByteSend)
    WatchDogInit                             0x080057a5   Thumb Code    44  system.o(i.WatchDogInit)
    WriteCardBlockSuccessUpLoad              0x080057d1   Thumb Code    36  protowithmainboard.o(i.WriteCardBlockSuccessUpLoad)
    Write_FIFO                               0x080057f5   Thumb Code    26  fm175xx.o(i.Write_FIFO)
    Write_Reg                                0x0800580f   Thumb Code    10  fm175xx.o(i.Write_Reg)
    __0printf$8                              0x08005819   Thumb Code    22  printf8.o(i.__0printf$8)
    __1printf$8                              0x08005819   Thumb Code     0  printf8.o(i.__0printf$8)
    __2printf                                0x08005819   Thumb Code     0  printf8.o(i.__0printf$8)
    __0sprintf$8                             0x08005839   Thumb Code    34  printf8.o(i.__0sprintf$8)
    __1sprintf$8                             0x08005839   Thumb Code     0  printf8.o(i.__0sprintf$8)
    __2sprintf                               0x08005839   Thumb Code     0  printf8.o(i.__0sprintf$8)
    __scatterload_copy                       0x08005861   Thumb Code    14  handlers.o(i.__scatterload_copy)
    __scatterload_null                       0x0800586f   Thumb Code     2  handlers.o(i.__scatterload_null)
    __scatterload_zeroinit                   0x08005871   Thumb Code    14  handlers.o(i.__scatterload_zeroinit)
    fmc_flag_clear                           0x08005ced   Thumb Code     6  gd32f3x0_fmc.o(i.fmc_flag_clear)
    fmc_lock                                 0x08005cf9   Thumb Code    12  gd32f3x0_fmc.o(i.fmc_lock)
    fmc_page_erase                           0x08005d09   Thumb Code    54  gd32f3x0_fmc.o(i.fmc_page_erase)
    fmc_ready_wait                           0x08005d45   Thumb Code    22  gd32f3x0_fmc.o(i.fmc_ready_wait)
    fmc_state_get                            0x08005d5d   Thumb Code    34  gd32f3x0_fmc.o(i.fmc_state_get)
    fmc_unlock                               0x08005d85   Thumb Code    18  gd32f3x0_fmc.o(i.fmc_unlock)
    fmc_word_program                         0x08005da5   Thumb Code    48  gd32f3x0_fmc.o(i.fmc_word_program)
    fputc                                    0x08005dd9   Thumb Code    26  usart.o(i.fputc)
    fwdgt_config                             0x08005df9   Thumb Code    72  gd32f3x0_fwdgt.o(i.fwdgt_config)
    fwdgt_counter_reload                     0x08005e49   Thumb Code    10  gd32f3x0_fwdgt.o(i.fwdgt_counter_reload)
    fwdgt_enable                             0x08005e59   Thumb Code    10  gd32f3x0_fwdgt.o(i.fwdgt_enable)
    gpio_af_set                              0x08005e69   Thumb Code    86  gd32f3x0_gpio.o(i.gpio_af_set)
    gpio_bit_reset                           0x08005ebf   Thumb Code     4  gd32f3x0_gpio.o(i.gpio_bit_reset)
    gpio_bit_set                             0x08005ec3   Thumb Code     4  gd32f3x0_gpio.o(i.gpio_bit_set)
    gpio_config                              0x08005ec9   Thumb Code   608  tsikey.o(i.gpio_config)
    gpio_input_bit_get                       0x0800612d   Thumb Code    10  gd32f3x0_gpio.o(i.gpio_input_bit_get)
    gpio_mode_set                            0x08006137   Thumb Code    72  gd32f3x0_gpio.o(i.gpio_mode_set)
    gpio_output_options_set                  0x0800617f   Thumb Code   110  gd32f3x0_gpio.o(i.gpio_output_options_set)
    main                                     0x080061ed   Thumb Code   260  main.o(i.main)
    nvic_irq_enable                          0x080062fd   Thumb Code   122  gd32f3x0_misc.o(i.nvic_irq_enable)
    nvic_priority_group_set                  0x0800637d   Thumb Code    10  gd32f3x0_misc.o(i.nvic_priority_group_set)
    nvic_vector_table_set                    0x08006391   Thumb Code    12  gd32f3x0_misc.o(i.nvic_vector_table_set)
    pmu_backup_write_enable                  0x080063a5   Thumb Code    12  gd32f3x0_pmu.o(i.pmu_backup_write_enable)
    rcu_all_reset_flag_clear                 0x080063b5   Thumb Code    12  gd32f3x0_rcu.o(i.rcu_all_reset_flag_clear)
    rcu_clock_freq_get                       0x080063c5   Thumb Code   392  gd32f3x0_rcu.o(i.rcu_clock_freq_get)
    rcu_flag_get                             0x08006575   Thumb Code    28  gd32f3x0_rcu.o(i.rcu_flag_get)
    rcu_osci_on                              0x08006595   Thumb Code    22  gd32f3x0_rcu.o(i.rcu_osci_on)
    rcu_osci_stab_wait                       0x080065b1   Thumb Code   214  gd32f3x0_rcu.o(i.rcu_osci_stab_wait)
    rcu_periph_clock_enable                  0x0800668d   Thumb Code    22  gd32f3x0_rcu.o(i.rcu_periph_clock_enable)
    rcu_periph_reset_disable                 0x080066a9   Thumb Code    22  gd32f3x0_rcu.o(i.rcu_periph_reset_disable)
    rcu_periph_reset_enable                  0x080066c5   Thumb Code    22  gd32f3x0_rcu.o(i.rcu_periph_reset_enable)
    rcu_rtc_clock_config                     0x080066e1   Thumb Code    18  gd32f3x0_rcu.o(i.rcu_rtc_clock_config)
    rtc_current_time_get                     0x080066f9   Thumb Code    88  gd32f3x0_rtc.o(i.rtc_current_time_get)
    rtc_init                                 0x08006755   Thumb Code   150  gd32f3x0_rtc.o(i.rtc_init)
    rtc_init_mode_enter                      0x080067f1   Thumb Code    46  gd32f3x0_rtc.o(i.rtc_init_mode_enter)
    rtc_init_mode_exit                       0x08006825   Thumb Code    12  gd32f3x0_rtc.o(i.rtc_init_mode_exit)
    rtc_pre_config                           0x08006835   Thumb Code    66  rtc.o(i.rtc_pre_config)
    rtc_register_sync_wait                   0x0800687d   Thumb Code    76  gd32f3x0_rtc.o(i.rtc_register_sync_wait)
    systick_clksource_set                    0x08006955   Thumb Code    24  gd32f3x0_misc.o(i.systick_clksource_set)
    timer_auto_reload_shadow_enable          0x0800696d   Thumb Code    10  gd32f3x0_timer.o(i.timer_auto_reload_shadow_enable)
    timer_deinit                             0x08006979   Thumb Code   118  gd32f3x0_timer.o(i.timer_deinit)
    timer_disable                            0x080069f9   Thumb Code    10  gd32f3x0_timer.o(i.timer_disable)
    timer_enable                             0x08006a03   Thumb Code    10  gd32f3x0_timer.o(i.timer_enable)
    timer_flag_clear                         0x08006a0d   Thumb Code     8  gd32f3x0_timer.o(i.timer_flag_clear)
    timer_init                               0x08006a15   Thumb Code   136  gd32f3x0_timer.o(i.timer_init)
    timer_interrupt_enable                   0x08006ab5   Thumb Code     8  gd32f3x0_timer.o(i.timer_interrupt_enable)
    timer_interrupt_flag_clear               0x08006abd   Thumb Code     8  gd32f3x0_timer.o(i.timer_interrupt_flag_clear)
    timer_interrupt_flag_get                 0x08006ac5   Thumb Code    20  gd32f3x0_timer.o(i.timer_interrupt_flag_get)
    tsi_channel_pin_disable                  0x08006ad9   Thumb Code    10  gd32f3x0_tsi.o(i.tsi_channel_pin_disable)
    tsi_channel_pin_enable                   0x08006ae9   Thumb Code    10  gd32f3x0_tsi.o(i.tsi_channel_pin_enable)
    tsi_config                               0x08006af9   Thumb Code   130  tsikey.o(i.tsi_config)
    tsi_enable                               0x08006b7d   Thumb Code    12  gd32f3x0_tsi.o(i.tsi_enable)
    tsi_flag_clear                           0x08006b8d   Thumb Code    10  gd32f3x0_tsi.o(i.tsi_flag_clear)
    tsi_flag_get                             0x08006b9d   Thumb Code    16  gd32f3x0_tsi.o(i.tsi_flag_get)
    tsi_group0_cycle_get                     0x08006bb1   Thumb Code     8  gd32f3x0_tsi.o(i.tsi_group0_cycle_get)
    tsi_group1_cycle_get                     0x08006bbd   Thumb Code     8  gd32f3x0_tsi.o(i.tsi_group1_cycle_get)
    tsi_group2_cycle_get                     0x08006bc9   Thumb Code     8  gd32f3x0_tsi.o(i.tsi_group2_cycle_get)
    tsi_group3_cycle_get                     0x08006bd5   Thumb Code     8  gd32f3x0_tsi.o(i.tsi_group3_cycle_get)
    tsi_group5_cycle_get                     0x08006be1   Thumb Code     8  gd32f3x0_tsi.o(i.tsi_group5_cycle_get)
    tsi_group_enable                         0x08006bed   Thumb Code    10  gd32f3x0_tsi.o(i.tsi_group_enable)
    tsi_hysteresis_off                       0x08006bfd   Thumb Code    10  gd32f3x0_tsi.o(i.tsi_hysteresis_off)
    tsi_init                                 0x08006c0d   Thumb Code    74  gd32f3x0_tsi.o(i.tsi_init)
    tsi_sample_pin_enable                    0x08006c61   Thumb Code    16  gd32f3x0_tsi.o(i.tsi_sample_pin_enable)
    tsi_sofeware_mode_config                 0x08006c75   Thumb Code    18  gd32f3x0_tsi.o(i.tsi_sofeware_mode_config)
    tsi_software_start                       0x08006c8d   Thumb Code    12  gd32f3x0_tsi.o(i.tsi_software_start)
    tsi_transfer_pin                         0x08006c9d   Thumb Code    36  tsikey.o(i.tsi_transfer_pin)
    usart_baudrate_set                       0x08006cc1   Thumb Code    82  gd32f3x0_usart.o(i.usart_baudrate_set)
    usart_data_receive                       0x08006d19   Thumb Code     8  gd32f3x0_usart.o(i.usart_data_receive)
    usart_data_transmit                      0x08006d21   Thumb Code     8  gd32f3x0_usart.o(i.usart_data_transmit)
    usart_deinit                             0x08006d29   Thumb Code    42  gd32f3x0_usart.o(i.usart_deinit)
    usart_enable                             0x08006d59   Thumb Code    10  gd32f3x0_usart.o(i.usart_enable)
    usart_flag_get                           0x08006d63   Thumb Code    22  gd32f3x0_usart.o(i.usart_flag_get)
    usart_interrupt_enable                   0x08006d79   Thumb Code    22  gd32f3x0_usart.o(i.usart_interrupt_enable)
    usart_interrupt_flag_clear               0x08006d8f   Thumb Code    16  gd32f3x0_usart.o(i.usart_interrupt_flag_clear)
    usart_interrupt_flag_get                 0x08006d9f   Thumb Code    48  gd32f3x0_usart.o(i.usart_interrupt_flag_get)
    usart_receive_config                     0x08006dcf   Thumb Code    16  gd32f3x0_usart.o(i.usart_receive_config)
    usart_transmit_config                    0x08006ddf   Thumb Code    16  gd32f3x0_usart.o(i.usart_transmit_config)
    Region$$Table$$Base                      0x08006f84   Number         0  anon$$obj.o(Region$$Table)
    Region$$Table$$Limit                     0x08006fa4   Number         0  anon$$obj.o(Region$$Table)
    isSyncSystemInfo                         0x20000000   Data           1  main.o(.data)
    ReadCardTicks                            0x20000004   Data           4  main.o(.data)
    TIMERX_IRQ                               0x2000001c   Data           2  system.o(.data)
    SystemStatus                             0x2000001e   Data           4  system.o(.data)
    RCU_TIMERX                               0x20000022   Data           4  system.o(.data)
    gSystick                                 0x20000028   Data           4  system.o(.data)
    SaveInfo                                 0x2000002c   Data           8  system.o(.data)
    TIMERX                                   0x20000034   Data           8  system.o(.data)
    UARTx_IRQn                               0x2000003c   Data           2  usart.o(.data)
    gWrite                                   0x2000003e   Data           2  usart.o(.data)
    RCU_GPIOX                                0x20000040   Data           4  usart.o(.data)
    RCU_USARTX                               0x20000044   Data           4  usart.o(.data)
    USARTX                                   0x20000048   Data           8  usart.o(.data)
    RCU_USART_TX_PORT                        0x20000050   Data           8  usart.o(.data)
    RCU_USART_RX_PORT                        0x20000058   Data           8  usart.o(.data)
    GPIO_PIN_TX                              0x20000060   Data           8  usart.o(.data)
    GPIO_PIN_RX                              0x20000068   Data           8  usart.o(.data)
    prescaler_a                              0x2000007c   Data           4  rtc.o(.data)
    prescaler_s                              0x20000080   Data           4  rtc.o(.data)
    KeyValue                                 0x20000084   Data           1  tsikey.o(.data)
    SampleNumG0                              0x20000086   Data           8  tsikey.o(.data)
    SampleRefnumG0                           0x2000008e   Data           8  tsikey.o(.data)
    SampleNumG1                              0x20000096   Data           8  tsikey.o(.data)
    SampleRefnumG1                           0x2000009e   Data           8  tsikey.o(.data)
    SampleNumG2                              0x200000a6   Data           8  tsikey.o(.data)
    SampleRefnumG2                           0x200000ae   Data           8  tsikey.o(.data)
    SampleNumG3                              0x200000b6   Data           8  tsikey.o(.data)
    SampleRefnumG3                           0x200000be   Data           8  tsikey.o(.data)
    SampleNumG5                              0x200000c6   Data           8  tsikey.o(.data)
    SampleRefnumG5                           0x200000ce   Data           8  tsikey.o(.data)
    SystemCoreClock                          0x200000d8   Data           4  system_gd32f3x0.o(.data)
    __stdout                                 0x200000dc   Data           4  stdout.o(.data)
    UpgradeRequestArray                      0x200001e0   Data          11  protowithmainboard.o(.bss)
    FlashBuffer                              0x200002eb   Data        1024  flash.o(.bss)
    SystemInfo                               0x200006ec   Data          39  system.o(.bss)
    GlobalInfo                               0x20000714   Data         100  system.o(.bss)
    UARTx_RxBuff                             0x20000778   Data         512  usart.o(.bss)
    UartPortHandleInfo                       0x20000978   Data          24  usart.o(.bss)
    gPrintBuff                               0x20000990   Data         256  usart.o(.bss)
    gSimUartCtrl                             0x20000a90   Data          24  sim_uart.o(.bss)
    SampleRefnumArrayG0P1                    0x20000ac8   Data          40  tsikey.o(.bss)
    SampleRefnumArrayG1P1                    0x20000af0   Data          40  tsikey.o(.bss)
    SampleRefnumArrayG1P2                    0x20000b18   Data          40  tsikey.o(.bss)
    SampleRefnumArrayG1P3                    0x20000b40   Data          40  tsikey.o(.bss)
    SampleRefnumArrayG2P2                    0x20000b68   Data          40  tsikey.o(.bss)
    SampleRefnumArrayG2P3                    0x20000b90   Data          40  tsikey.o(.bss)
    SampleRefnumArrayG3P1                    0x20000bb8   Data          40  tsikey.o(.bss)
    SampleRefnumArrayG3P2                    0x20000be0   Data          40  tsikey.o(.bss)
    SampleRefnumArrayG3P0                    0x20000c08   Data          40  tsikey.o(.bss)
    SampleRefnumArrayG5P1                    0x20000c30   Data          40  tsikey.o(.bss)
    SampleRefnumArrayG5P2                    0x20000c58   Data          40  tsikey.o(.bss)
    SampleRefnumArrayG5P3                    0x20000c80   Data          40  tsikey.o(.bss)
    __initial_sp                             0x200010d8   Data           0  startup_gd32f3x0.o(STACK)



==============================================================================

Memory Map of the image

  Image Entry point : 0x08002151

  Load Region LR_IROM1 (Base: 0x08002000, Size: 0x00005084, Max: 0x00020000, ABSOLUTE)

    Execution Region ER_IROM1 (Base: 0x08002000, Size: 0x00004fa4, Max: 0x00020000, ABSOLUTE)

    Base Addr    Size         Type   Attr      Idx    E Section Name        Object

    0x08002000   0x00000150   Data   RO         1575    RESET               startup_gd32f3x0.o
    0x08002150   0x00000000   Code   RO         5460  * .ARM.Collect$$$$00000000  mc_w.l(entry.o)
    0x08002150   0x00000004   Code   RO         5741    .ARM.Collect$$$$00000001  mc_w.l(entry2.o)
    0x08002154   0x00000004   Code   RO         5744    .ARM.Collect$$$$00000004  mc_w.l(entry5.o)
    0x08002158   0x00000000   Code   RO         5746    .ARM.Collect$$$$00000008  mc_w.l(entry7b.o)
    0x08002158   0x00000000   Code   RO         5748    .ARM.Collect$$$$0000000A  mc_w.l(entry8b.o)
    0x08002158   0x00000008   Code   RO         5749    .ARM.Collect$$$$0000000B  mc_w.l(entry9a.o)
    0x08002160   0x00000000   Code   RO         5751    .ARM.Collect$$$$0000000D  mc_w.l(entry10a.o)
    0x08002160   0x00000000   Code   RO         5753    .ARM.Collect$$$$0000000F  mc_w.l(entry11a.o)
    0x08002160   0x00000004   Code   RO         5742    .ARM.Collect$$$$00002712  mc_w.l(entry2.o)
    0x08002164   0x00000024   Code   RO         1576    .text               startup_gd32f3x0.o
    0x08002188   0x000000a8   Code   RO         5467    .text               mc_w.l(mktime.o)
    0x08002230   0x00000024   Code   RO         5470    .text               mc_w.l(memcpya.o)
    0x08002254   0x00000024   Code   RO         5472    .text               mc_w.l(memseta.o)
    0x08002278   0x0000001a   Code   RO         5476    .text               mc_w.l(memcmp.o)
    0x08002292   0x00000062   Code   RO         5758    .text               mc_w.l(uldiv.o)
    0x080022f4   0x0000000c   Code   RO         5760    .text               mc_w.l(localtime_w.o)
    0x08002300   0x0000008c   Code   RO         5763    .text               mc_w.l(localtime_i.o)
    0x0800238c   0x00000024   Code   RO         5777    .text               mc_w.l(init.o)
    0x080023b0   0x0000001e   Code   RO         5779    .text               mc_w.l(llshl.o)
    0x080023ce   0x00000020   Code   RO         5781    .text               mc_w.l(llushr.o)
    0x080023ee   0x00000002   PAD
    0x080023f0   0x00000054   Code   RO          258    i.App_CB_SendData   protowithmainboard.o
    0x08002444   0x00000012   Code   RO         1314    i.BCD2HEX           rtc.o
    0x08002456   0x00000002   PAD
    0x08002458   0x000000a8   Code   RO          811    i.BSPFlashWrite     flash_usr.o
    0x08002500   0x000000c0   Code   RO            3    i.BspInit           main.o
    0x080025c0   0x00000034   Code   RO          260    i.CardNumUpLoad     protowithmainboard.o
    0x080025f4   0x0000002c   Code   RO          261    i.CardTypeUpLoad    protowithmainboard.o
    0x08002620   0x000000a4   Code   RO          159    i.Check_M1_Card     nfcard.o
    0x080026c4   0x00000018   Code   RO          928    i.Clear_BitMask     fm175xx.o
    0x080026dc   0x00000018   Code   RO          929    i.Clear_FIFO        fm175xx.o
    0x080026f4   0x00000214   Code   RO          262    i.ComRecvMainBoardData  protowithmainboard.o
    0x08002908   0x00000430   Code   RO          210    i.DebugPktProc      comproto.o
    0x08002d38   0x00000250   Code   RO          211    i.DebugRecvProc     comproto.o
    0x08002f88   0x00000006   Code   RO          738    i.Delay100Us        systick.o
    0x08002f8e   0x0000001a   Code   RO          739    i.DelayMsWithNoneOs  systick.o
    0x08002fa8   0x00000034   Code   RO          740    i.DelayUs           systick.o
    0x08002fdc   0x00000010   Code   RO          390    i.FIFO_S_Flush      fifo.o
    0x08002fec   0x00000036   Code   RO          391    i.FIFO_S_Get        fifo.o
    0x08003022   0x0000000e   Code   RO          392    i.FIFO_S_Init       fifo.o
    0x08003030   0x00000042   Code   RO          394    i.FIFO_S_Put        fifo.o
    0x08003072   0x00000002   PAD
    0x08003074   0x000000b4   Code   RO          930    i.FM175XX_Config    fm175xx.o
    0x08003128   0x00000040   Code   RO          931    i.FM175XX_HardReset  fm175xx.o
    0x08003168   0x0000002a   Code   RO          932    i.FM175XX_Init      fm175xx.o
    0x08003192   0x00000004   Code   RO          501    i.FeedWatchDog      system.o
    0x08003196   0x00000016   Code   RO          443    i.FlashReadByte     flash.o
    0x080031ac   0x00000010   Code   RO          812    i.FlashReadSysInfo  flash_usr.o
    0x080031bc   0x000000bc   Code   RO          813    i.FlashTest         flash_usr.o
    0x08003278   0x00000124   Code   RO          444    i.FlashWrite        flash.o
    0x0800339c   0x00000064   Code   RO          814    i.FlashWriteSysInfo  flash_usr.o
    0x08003400   0x00000098   Code   RO          445    i.FlashWriteWord    flash.o
    0x08003498   0x00000050   Code   RO         1407    i.G0GetKey          tsikey.o
    0x080034e8   0x000000c0   Code   RO         1408    i.G1GetKey          tsikey.o
    0x080035a8   0x0000008c   Code   RO         1409    i.G2GetKey          tsikey.o
    0x08003634   0x000000c0   Code   RO         1410    i.G3GetKey          tsikey.o
    0x080036f4   0x000000c0   Code   RO         1411    i.G5GetKey          tsikey.o
    0x080037b4   0x0000005c   Code   RO         1315    i.GetCurrentTime    rtc.o
    0x08003810   0x00000030   Code   RO         1412    i.GetKey            tsikey.o
    0x08003840   0x00000018   Code   RO          502    i.GetPktSum         system.o
    0x08003858   0x000000a6   Code   RO         1316    i.GetRtcTimeStamp   rtc.o
    0x080038fe   0x00000002   PAD
    0x08003900   0x0000000c   Code   RO          503    i.GetTimeTicks      system.o
    0x0800390c   0x00000024   Code   RO         1287    i.GreenLed          led.o
    0x08003930   0x00000016   Code   RO         1317    i.HEX2BCD           rtc.o
    0x08003946   0x00000002   PAD
    0x08003948   0x00000020   Code   RO         1226    i.IO_USART_TX_PutVal  sim_uart.o
    0x08003968   0x00000060   Code   RO         1413    i.InitTsiG0         tsikey.o
    0x080039c8   0x000000c8   Code   RO         1414    i.InitTsiG1         tsikey.o
    0x08003a90   0x000000a0   Code   RO         1415    i.InitTsiG2         tsikey.o
    0x08003b30   0x000000d8   Code   RO         1416    i.InitTsiG3         tsikey.o
    0x08003c08   0x000000d8   Code   RO         1417    i.InitTsiG5         tsikey.o
    0x08003ce0   0x00000048   Code   RO         1418    i.KeyCallBack       tsikey.o
    0x08003d28   0x00000024   Code   RO         1419    i.KeyValuesUpLoad   tsikey.o
    0x08003d4c   0x00000030   Code   RO         1288    i.LedInit           led.o
    0x08003d7c   0x00000066   Code   RO         1318    i.LinuxTickToDay    rtc.o
    0x08003de2   0x00000002   PAD
    0x08003de4   0x000001f0   Code   RO          504    i.LoadSystemInfo    system.o
    0x08003fd4   0x00000170   Code   RO          263    i.MainBoardBasicInfo  protowithmainboard.o
    0x08004144   0x000001ec   Code   RO          264    i.MainBoardCardInfo  protowithmainboard.o
    0x08004330   0x00000030   Code   RO          265    i.MainBoardPktProc  protowithmainboard.o
    0x08004360   0x00000088   Code   RO         1121    i.Mifare_Auth       m1_card.o
    0x080043e8   0x0000003a   Code   RO         1124    i.Mifare_Blockread  m1_card.o
    0x08004422   0x00000002   PAD
    0x08004424   0x0000010c   Code   RO         1126    i.Mifare_Blockwrite  m1_card.o
    0x08004530   0x0000000e   Code   RO          160    i.NFCardTask        nfcard.o
    0x0800453e   0x0000002e   Code   RO          266    i.PCBBumUpLoad      protowithmainboard.o
    0x0800456c   0x0000017c   Code   RO          933    i.Pcd_Comm          fm175xx.o
    0x080046e8   0x0000010c   Code   RO          934    i.Pcd_ConfigISOType  fm175xx.o
    0x080047f4   0x00000052   Code   RO          935    i.Pcd_SetTimer      fm175xx.o
    0x08004846   0x00000002   PAD
    0x08004848   0x00000074   Code   RO          866    i.PlayVoice         sc8042b.o
    0x080048bc   0x00000074   Code   RO          651    i.PrintfData        usart.o
    0x08004930   0x0000001c   Code   RO          936    i.Read_FIFO         fm175xx.o
    0x0800494c   0x00000004   Code   RO          937    i.Read_Reg          fm175xx.o
    0x08004950   0x00000040   Code   RO         1319    i.RtcInit           rtc.o
    0x08004990   0x00000032   Code   RO          938    i.SPIRead           fm175xx.o
    0x080049c2   0x00000034   Code   RO          939    i.SPIWrite          fm175xx.o
    0x080049f6   0x00000002   PAD
    0x080049f8   0x000000b4   Code   RO          212    i.SendDebugPkt      comproto.o
    0x08004aac   0x00000040   Code   RO          267    i.SendMsg_ACK       protowithmainboard.o
    0x08004aec   0x00000074   Code   RO         1320    i.SetRtcCount       rtc.o
    0x08004b60   0x00000018   Code   RO          940    i.Set_BitMask       fm175xx.o
    0x08004b78   0x00000050   Code   RO          941    i.Set_Rf            fm175xx.o
    0x08004bc8   0x00000030   Code   RO         1227    i.SimUartGPIOInit   sim_uart.o
    0x08004bf8   0x0000003c   Code   RO         1228    i.SimUartInit       sim_uart.o
    0x08004c34   0x00000028   Code   RO         1229    i.SimUartSendByte   sim_uart.o
    0x08004c5c   0x000000cc   Code   RO         1080    i.SpiInit           spi.o
    0x08004d28   0x00000006   Code   RO         1081    i.SpiReadByte       spi.o
    0x08004d2e   0x00000002   PAD
    0x08004d30   0x0000005c   Code   RO         1082    i.SpiReadWriteByte  spi.o
    0x08004d8c   0x00000034   Code   RO          270    i.SyncSystemInfo    protowithmainboard.o
    0x08004dc0   0x00000028   Code   RO          271    i.SyncSystemState   protowithmainboard.o
    0x08004de8   0x00000002   Code   RO          742    i.SysTick_Handler   systick.o
    0x08004dea   0x00000002   PAD
    0x08004dec   0x00000094   Code   RO         1539    i.SystemInit        system_gd32f3x0.o
    0x08004e80   0x00000198   Code   RO          509    i.SystemResetRecord  system.o
    0x08005018   0x00000044   Code   RO          743    i.SystickInit       systick.o
    0x0800505c   0x00000064   Code   RO         1231    i.TIMER0_BRK_UP_TRG_COM_IRQHandler  sim_uart.o
    0x080050c0   0x00000028   Code   RO          510    i.TIMER1_IRQHandler  system.o
    0x080050e8   0x0000008c   Code   RO          511    i.TimerConfig       system.o
    0x08005174   0x00000074   Code   RO         1420    i.TsiKeyInit        tsikey.o
    0x080051e8   0x00000170   Code   RO         1129    i.TypeA_Anticollision  m1_card.o
    0x08005358   0x00000034   Code   RO         1130    i.TypeA_CardActivate  m1_card.o
    0x0800538c   0x00000048   Code   RO         1131    i.TypeA_Halt        m1_card.o
    0x080053d4   0x00000062   Code   RO         1132    i.TypeA_Request     m1_card.o
    0x08005436   0x00000062   Code   RO         1133    i.TypeA_Select      m1_card.o
    0x08005498   0x00000042   Code   RO         1134    i.TypeA_Set_Bit_Framing  m1_card.o
    0x080054da   0x00000082   Code   RO         1135    i.TypeA_Set_NVB     m1_card.o
    0x0800555c   0x00000110   Code   RO          652    i.UARTx_Init        usart.o
    0x0800566c   0x0000003c   Code   RO          653    i.USART0_IRQHandler  usart.o
    0x080056a8   0x0000003c   Code   RO          654    i.USART1_IRQHandler  usart.o
    0x080056e4   0x0000001e   Code   RO          656    i.UsartInit         usart.o
    0x08005702   0x00000002   PAD
    0x08005704   0x0000004c   Code   RO          657    i.UsartSend         usart.o
    0x08005750   0x00000054   Code   RO         1232    i.VirtualUartByteSend  sim_uart.o
    0x080057a4   0x0000002c   Code   RO          512    i.WatchDogInit      system.o
    0x080057d0   0x00000024   Code   RO          275    i.WriteCardBlockSuccessUpLoad  protowithmainboard.o
    0x080057f4   0x0000001a   Code   RO          943    i.Write_FIFO        fm175xx.o
    0x0800580e   0x0000000a   Code   RO          944    i.Write_Reg         fm175xx.o
    0x08005818   0x00000020   Code   RO         5687    i.__0printf$8       mc_w.l(printf8.o)
    0x08005838   0x00000028   Code   RO         5689    i.__0sprintf$8      mc_w.l(printf8.o)
    0x08005860   0x0000000e   Code   RO         5789    i.__scatterload_copy  mc_w.l(handlers.o)
    0x0800586e   0x00000002   Code   RO         5790    i.__scatterload_null  mc_w.l(handlers.o)
    0x08005870   0x0000000e   Code   RO         5791    i.__scatterload_zeroinit  mc_w.l(handlers.o)
    0x0800587e   0x00000002   PAD
    0x08005880   0x00000410   Code   RO         5694    i._printf_core      mc_w.l(printf8.o)
    0x08005c90   0x00000024   Code   RO         5695    i._printf_post_padding  mc_w.l(printf8.o)
    0x08005cb4   0x0000002e   Code   RO         5696    i._printf_pre_padding  mc_w.l(printf8.o)
    0x08005ce2   0x0000000a   Code   RO         5698    i._sputc            mc_w.l(printf8.o)
    0x08005cec   0x0000000c   Code   RO         2773    i.fmc_flag_clear    gd32f3x0_fmc.o
    0x08005cf8   0x00000010   Code   RO         2778    i.fmc_lock          gd32f3x0_fmc.o
    0x08005d08   0x0000003c   Code   RO         2780    i.fmc_page_erase    gd32f3x0_fmc.o
    0x08005d44   0x00000016   Code   RO         2781    i.fmc_ready_wait    gd32f3x0_fmc.o
    0x08005d5a   0x00000002   PAD
    0x08005d5c   0x00000028   Code   RO         2782    i.fmc_state_get     gd32f3x0_fmc.o
    0x08005d84   0x00000020   Code   RO         2783    i.fmc_unlock        gd32f3x0_fmc.o
    0x08005da4   0x00000034   Code   RO         2786    i.fmc_word_program  gd32f3x0_fmc.o
    0x08005dd8   0x00000020   Code   RO          658    i.fputc             usart.o
    0x08005df8   0x00000050   Code   RO         2952    i.fwdgt_config      gd32f3x0_fwdgt.o
    0x08005e48   0x00000010   Code   RO         2953    i.fwdgt_counter_reload  gd32f3x0_fwdgt.o
    0x08005e58   0x00000010   Code   RO         2954    i.fwdgt_enable      gd32f3x0_fwdgt.o
    0x08005e68   0x00000056   Code   RO         3002    i.gpio_af_set       gd32f3x0_gpio.o
    0x08005ebe   0x00000004   Code   RO         3003    i.gpio_bit_reset    gd32f3x0_gpio.o
    0x08005ec2   0x00000004   Code   RO         3004    i.gpio_bit_set      gd32f3x0_gpio.o
    0x08005ec6   0x00000002   PAD
    0x08005ec8   0x00000264   Code   RO         1422    i.gpio_config       tsikey.o
    0x0800612c   0x0000000a   Code   RO         3008    i.gpio_input_bit_get  gd32f3x0_gpio.o
    0x08006136   0x00000048   Code   RO         3010    i.gpio_mode_set     gd32f3x0_gpio.o
    0x0800617e   0x0000006e   Code   RO         3012    i.gpio_output_options_set  gd32f3x0_gpio.o
    0x080061ec   0x00000110   Code   RO            4    i.main              main.o
    0x080062fc   0x00000080   Code   RO         3304    i.nvic_irq_enable   gd32f3x0_misc.o
    0x0800637c   0x00000014   Code   RO         3305    i.nvic_priority_group_set  gd32f3x0_misc.o
    0x08006390   0x00000014   Code   RO         3306    i.nvic_vector_table_set  gd32f3x0_misc.o
    0x080063a4   0x00000010   Code   RO         3360    i.pmu_backup_write_enable  gd32f3x0_pmu.o
    0x080063b4   0x00000010   Code   RO         3495    i.rcu_all_reset_flag_clear  gd32f3x0_rcu.o
    0x080063c4   0x000001b0   Code   RO         3503    i.rcu_clock_freq_get  gd32f3x0_rcu.o
    0x08006574   0x00000020   Code   RO         3506    i.rcu_flag_get      gd32f3x0_rcu.o
    0x08006594   0x0000001c   Code   RO         3520    i.rcu_osci_on       gd32f3x0_rcu.o
    0x080065b0   0x000000dc   Code   RO         3521    i.rcu_osci_stab_wait  gd32f3x0_rcu.o
    0x0800668c   0x0000001c   Code   RO         3523    i.rcu_periph_clock_enable  gd32f3x0_rcu.o
    0x080066a8   0x0000001c   Code   RO         3526    i.rcu_periph_reset_disable  gd32f3x0_rcu.o
    0x080066c4   0x0000001c   Code   RO         3527    i.rcu_periph_reset_enable  gd32f3x0_rcu.o
    0x080066e0   0x00000018   Code   RO         3530    i.rcu_rtc_clock_config  gd32f3x0_rcu.o
    0x080066f8   0x0000005c   Code   RO         3775    i.rtc_current_time_get  gd32f3x0_rtc.o
    0x08006754   0x0000009c   Code   RO         3780    i.rtc_init          gd32f3x0_rtc.o
    0x080067f0   0x00000034   Code   RO         3781    i.rtc_init_mode_enter  gd32f3x0_rtc.o
    0x08006824   0x00000010   Code   RO         3782    i.rtc_init_mode_exit  gd32f3x0_rtc.o
    0x08006834   0x00000048   Code   RO         1322    i.rtc_pre_config    rtc.o
    0x0800687c   0x00000050   Code   RO         3787    i.rtc_register_sync_wait  gd32f3x0_rtc.o
    0x080068cc   0x00000088   Code   RO         1540    i.system_clock_108m_hxtal  system_gd32f3x0.o
    0x08006954   0x00000018   Code   RO         3309    i.systick_clksource_set  gd32f3x0_misc.o
    0x0800696c   0x0000000a   Code   RO         4301    i.timer_auto_reload_shadow_enable  gd32f3x0_timer.o
    0x08006976   0x00000002   PAD
    0x08006978   0x00000080   Code   RO         4329    i.timer_deinit      gd32f3x0_timer.o
    0x080069f8   0x0000000a   Code   RO         4330    i.timer_disable     gd32f3x0_timer.o
    0x08006a02   0x0000000a   Code   RO         4334    i.timer_enable      gd32f3x0_timer.o
    0x08006a0c   0x00000008   Code   RO         4341    i.timer_flag_clear  gd32f3x0_timer.o
    0x08006a14   0x000000a0   Code   RO         4344    i.timer_init        gd32f3x0_timer.o
    0x08006ab4   0x00000008   Code   RO         4351    i.timer_interrupt_enable  gd32f3x0_timer.o
    0x08006abc   0x00000008   Code   RO         4352    i.timer_interrupt_flag_clear  gd32f3x0_timer.o
    0x08006ac4   0x00000014   Code   RO         4353    i.timer_interrupt_flag_get  gd32f3x0_timer.o
    0x08006ad8   0x00000010   Code   RO         4729    i.tsi_channel_pin_disable  gd32f3x0_tsi.o
    0x08006ae8   0x00000010   Code   RO         4730    i.tsi_channel_pin_enable  gd32f3x0_tsi.o
    0x08006af8   0x00000082   Code   RO         1423    i.tsi_config        tsikey.o
    0x08006b7a   0x00000002   PAD
    0x08006b7c   0x00000010   Code   RO         4733    i.tsi_enable        gd32f3x0_tsi.o
    0x08006b8c   0x00000010   Code   RO         4735    i.tsi_flag_clear    gd32f3x0_tsi.o
    0x08006b9c   0x00000014   Code   RO         4736    i.tsi_flag_get      gd32f3x0_tsi.o
    0x08006bb0   0x0000000c   Code   RO         4737    i.tsi_group0_cycle_get  gd32f3x0_tsi.o
    0x08006bbc   0x0000000c   Code   RO         4738    i.tsi_group1_cycle_get  gd32f3x0_tsi.o
    0x08006bc8   0x0000000c   Code   RO         4739    i.tsi_group2_cycle_get  gd32f3x0_tsi.o
    0x08006bd4   0x0000000c   Code   RO         4740    i.tsi_group3_cycle_get  gd32f3x0_tsi.o
    0x08006be0   0x0000000c   Code   RO         4742    i.tsi_group5_cycle_get  gd32f3x0_tsi.o
    0x08006bec   0x00000010   Code   RO         4744    i.tsi_group_enable  gd32f3x0_tsi.o
    0x08006bfc   0x00000010   Code   RO         4747    i.tsi_hysteresis_off  gd32f3x0_tsi.o
    0x08006c0c   0x00000054   Code   RO         4749    i.tsi_init          gd32f3x0_tsi.o
    0x08006c60   0x00000014   Code   RO         4758    i.tsi_sample_pin_enable  gd32f3x0_tsi.o
    0x08006c74   0x00000018   Code   RO         4759    i.tsi_sofeware_mode_config  gd32f3x0_tsi.o
    0x08006c8c   0x00000010   Code   RO         4760    i.tsi_software_start  gd32f3x0_tsi.o
    0x08006c9c   0x00000024   Code   RO         1424    i.tsi_transfer_pin  tsikey.o
    0x08006cc0   0x00000058   Code   RO         4956    i.usart_baudrate_set  gd32f3x0_usart.o
    0x08006d18   0x00000008   Code   RO         4962    i.usart_data_receive  gd32f3x0_usart.o
    0x08006d20   0x00000008   Code   RO         4963    i.usart_data_transmit  gd32f3x0_usart.o
    0x08006d28   0x00000030   Code   RO         4964    i.usart_deinit      gd32f3x0_usart.o
    0x08006d58   0x0000000a   Code   RO         4971    i.usart_enable      gd32f3x0_usart.o
    0x08006d62   0x00000016   Code   RO         4973    i.usart_flag_get    gd32f3x0_usart.o
    0x08006d78   0x00000016   Code   RO         4980    i.usart_interrupt_enable  gd32f3x0_usart.o
    0x08006d8e   0x00000010   Code   RO         4981    i.usart_interrupt_flag_clear  gd32f3x0_usart.o
    0x08006d9e   0x00000030   Code   RO         4982    i.usart_interrupt_flag_get  gd32f3x0_usart.o
    0x08006dce   0x00000010   Code   RO         4998    i.usart_receive_config  gd32f3x0_usart.o
    0x08006dde   0x00000010   Code   RO         5019    i.usart_transmit_config  gd32f3x0_usart.o
    0x08006dee   0x00000028   Data   RO          215    .constdata          comproto.o
    0x08006e16   0x00000070   Data   RO          277    .constdata          protowithmainboard.o
    0x08006e86   0x0000001a   Data   RO          447    .constdata          flash.o
    0x08006ea0   0x00000021   Data   RO          514    .constdata          system.o
    0x08006ec1   0x0000000b   Data   RO          660    .constdata          usart.o
    0x08006ecc   0x00000018   Data   RO          817    .constdata          flash_usr.o
    0x08006ee4   0x0000000f   Data   RO          945    .constdata          fm175xx.o
    0x08006ef3   0x00000012   Data   RO         1136    .constdata          m1_card.o
    0x08006f05   0x00000008   Data   RO         1326    .constdata          rtc.o
    0x08006f0d   0x00000017   Data   RO         1429    .constdata          tsikey.o
    0x08006f24   0x0000000c   Data   RO         5468    .constdata          mc_w.l(mktime.o)
    0x08006f30   0x0000000c   Data   RO         5764    .constdata          mc_w.l(localtime_i.o)
    0x08006f3c   0x00000046   Data   RO          515    .conststring        system.o
    0x08006f82   0x00000002   PAD
    0x08006f84   0x00000020   Data   RO         5787    Region$$Table       anon$$obj.o


    Execution Region RW_IRAM1 (Base: 0x20000000, Size: 0x000010d8, Max: 0x00004000, ABSOLUTE)

    Base Addr    Size         Type   Attr      Idx    E Section Name        Object

    0x20000000   0x00000008   Data   RW            5    .data               main.o
    0x20000008   0x00000006   Data   RW          162    .data               nfcard.o
    0x2000000e   0x00000006   Data   RW          216    .data               comproto.o
    0x20000014   0x00000006   Data   RW          279    .data               protowithmainboard.o
    0x2000001a   0x00000002   PAD
    0x2000001c   0x00000020   Data   RW          516    .data               system.o
    0x2000003c   0x00000034   Data   RW          661    .data               usart.o
    0x20000070   0x00000008   Data   RW          747    .data               systick.o
    0x20000078   0x00000001   Data   RW         1289    .data               led.o
    0x20000079   0x00000003   PAD
    0x2000007c   0x00000008   Data   RW         1327    .data               rtc.o
    0x20000084   0x00000052   Data   RW         1430    .data               tsikey.o
    0x200000d6   0x00000002   PAD
    0x200000d8   0x00000004   Data   RW         1541    .data               system_gd32f3x0.o
    0x200000dc   0x00000004   Data   RW         5755    .data               mc_w.l(stdout.o)
    0x200000e0   0x00000100   Zero   RW          214    .bss                comproto.o
    0x200001e0   0x0000010b   Zero   RW          276    .bss                protowithmainboard.o
    0x200002eb   0x00000400   Zero   RW          446    .bss                flash.o
    0x200006eb   0x00000001   PAD
    0x200006ec   0x0000008c   Zero   RW          513    .bss                system.o
    0x20000778   0x00000318   Zero   RW          659    .bss                usart.o
    0x20000a90   0x00000018   Zero   RW         1233    .bss                sim_uart.o
    0x20000aa8   0x00000020   Zero   RW         1325    .bss                rtc.o
    0x20000ac8   0x000001e0   Zero   RW         1425    .bss                tsikey.o
    0x20000ca8   0x0000002c   Zero   RW         5761    .bss                mc_w.l(localtime_w.o)
    0x20000cd4   0x00000004   PAD
    0x20000cd8   0x00000400   Zero   RW         1573    STACK               startup_gd32f3x0.o


==============================================================================

Image component sizes


      Code (inc. data)   RO Data    RW Data    ZI Data      Debug   Object Name

      1844        732         40          6        256      28761   comproto.o
       150          0          0          0          0       5322   fifo.o
       466        130         26          0       1024       3160   flash.o
       472        172         24          0          0       3479   flash_usr.o
      1338         98         15          0          0      10373   fm175xx.o
       234         40          0          0          0       4811   gd32f3x0_fmc.o
       112         20          0          0          0       1861   gd32f3x0_fwdgt.o
       286          0          0          0          0       4301   gd32f3x0_gpio.o
       192         24          0          0          0       2636   gd32f3x0_misc.o
        16          4          0          0          0        526   gd32f3x0_pmu.o
       836         92          0          0          0       7484   gd32f3x0_rcu.o
       396         24          0          0          0       4030   gd32f3x0_rtc.o
       362         34          0          0          0       6459   gd32f3x0_timer.o
       320         82          0          0          0       9070   gd32f3x0_tsi.o
       302         12          0          0          0       7159   gd32f3x0_usart.o
        84         12          0          1          0        897   led.o
      1346        110         18          0          0       7876   m1_card.o
       464        110          0          8          0      61429   main.o
       178         26          0          6          0       2533   nfcard.o
      1858        492        112          6        267      15759   protowithmainboard.o
       652         90          8          8         32       5180   rtc.o
       116          6          0          0          0        704   sc8042b.o
       364         28          0          0         24       4981   sim_uart.o
       302         12          0          0          0       1531   spi.o
        36          8        336          0       1024        852   startup_gd32f3x0.o
      1168        562        103         32        140       7602   system.o
       284         38          0          4          0       2247   system_gd32f3x0.o
       154         16          0          8          0       2603   systick.o
      2734        230         23         82        480      13655   tsikey.o
       646        110         11         52        792      14845   usart.o

    ----------------------------------------------------------------------
     17742       3314        750        220       4040     242126   Object Totals
         0          0         32          0          0          0   (incl. Generated)
        30          0          2          7          1          0   (incl. Padding)

    ----------------------------------------------------------------------

      Code (inc. data)   RO Data    RW Data    ZI Data      Debug   Library Member Name

         0          0          0          0          0          0   entry.o
         0          0          0          0          0          0   entry10a.o
         0          0          0          0          0          0   entry11a.o
         8          4          0          0          0          0   entry2.o
         4          0          0          0          0          0   entry5.o
         0          0          0          0          0          0   entry7b.o
         0          0          0          0          0          0   entry8b.o
         8          4          0          0          0          0   entry9a.o
        30          0          0          0          0          0   handlers.o
        36          8          0          0          0         68   init.o
        30          0          0          0          0         68   llshl.o
        32          0          0          0          0         68   llushr.o
       140          6         12          0          0         76   localtime_i.o
        12          6          0          0         44         68   localtime_w.o
        26          0          0          0          0         80   memcmp.o
        36          0          0          0          0         68   memcpya.o
        36          0          0          0          0        108   memseta.o
       168         18         12          0          0         80   mktime.o
      1204         60          0          0          0        504   printf8.o
         0          0          0          4          0          0   stdout.o
        98          0          0          0          0         92   uldiv.o

    ----------------------------------------------------------------------
      1872        106         24          4         48       1280   Library Totals
         4          0          0          0          4          0   (incl. Padding)

    ----------------------------------------------------------------------

      Code (inc. data)   RO Data    RW Data    ZI Data      Debug   Library Name

      1868        106         24          4         44       1280   mc_w.l

    ----------------------------------------------------------------------
      1872        106         24          4         48       1280   Library Totals

    ----------------------------------------------------------------------

==============================================================================


      Code (inc. data)   RO Data    RW Data    ZI Data      Debug   

     19614       3420        774        224       4088     233418   Grand Totals
     19614       3420        774        224       4088     233418   ELF Image Totals
     19614       3420        774        224          0          0   ROM Totals

==============================================================================

    Total RO  Size (Code + RO Data)                20388 (  19.91kB)
    Total RW  Size (RW Data + ZI Data)              4312 (   4.21kB)
    Total ROM Size (Code + RO Data + RW Data)      20612 (  20.13kB)

==============================================================================

